Component: ARM Compiler 5.06 update 4 (build 422) Tool: armlink [4d35d2]

==============================================================================

Section Cross References

    startup_stm32f10x_hd.o(RESET) refers to startup_stm32f10x_hd.o(.text) for Reset_Handler
    startup_stm32f10x_hd.o(RESET) refers to stm32f10x_it.o(.text) for NMI_Handler
    startup_stm32f10x_hd.o(RESET) refers to main.o(.text) for TIM3_IRQHandler
    startup_stm32f10x_hd.o(RESET) refers to usart.o(.text) for USART1_IRQHandler
    startup_stm32f10x_hd.o(.text) refers to startup_stm32f10x_hd.o(STACK) for __initial_sp
    startup_stm32f10x_hd.o(.text) refers to entry.o(.ARM.Collect$$$$00000000) for __main
    main.o(.text) refers to stm32f10x_rcc.o(.text) for RCC_APB1PeriphClockCmd
    main.o(.text) refers to stm32f10x_tim.o(.text) for TIM_TimeBaseInit
    main.o(.text) refers to misc.o(.text) for NVIC_Init
    main.o(.text) refers to 24cxx.o(.text) for AT24CXX_ReadOneByte
    main.o(.text) refers to system_stm32f10x.o(.text) for SystemInit
    main.o(.text) refers to delay.o(.text) for delay_init
    main.o(.text) refers to relay.o(.text) for Relay_Gpio_Init
    main.o(.text) refers to main.o(.data) for params
    main.o(.text) refers to main.o(.bss) for CFG_PARAMS
    delay.o(.text) refers to delay.o(.data) for fac_us
    usart.o(.text) refers to stm32f10x_rcc.o(.text) for RCC_APB2PeriphClockCmd
    usart.o(.text) refers to stm32f10x_gpio.o(.text) for GPIO_Init
    usart.o(.text) refers to misc.o(.text) for NVIC_Init
    usart.o(.text) refers to stm32f10x_usart.o(.text) for USART_Init
    usart.o(.text) refers to usart.o(.data) for USART_RX_STA
    usart.o(.text) refers to usart.o(.bss) for USART_RX_BUF
    relay.o(.text) refers to stm32f10x_gpio.o(.text) for GPIO_Init
    24cxx.o(.text) refers to myiic.o(.text) for IIC_Init
    24cxx.o(.text) refers to delay.o(.text) for delay_ms
    myiic.o(.text) refers to stm32f10x_rcc.o(.text) for RCC_APB2PeriphClockCmd
    myiic.o(.text) refers to stm32f10x_gpio.o(.text) for GPIO_Init
    myiic.o(.text) refers to delay.o(.text) for delay_us
    stm32f10x_gpio.o(.text) refers to stm32f10x_rcc.o(.text) for RCC_APB2PeriphResetCmd
    stm32f10x_rcc.o(.text) refers to stm32f10x_rcc.o(.data) for APBAHBPrescTable
    stm32f10x_adc.o(.text) refers to stm32f10x_rcc.o(.text) for RCC_APB2PeriphResetCmd
    stm32f10x_usart.o(.text) refers to stm32f10x_rcc.o(.text) for RCC_APB2PeriphResetCmd
    stm32f10x_tim.o(.text) refers to stm32f10x_rcc.o(.text) for RCC_APB2PeriphResetCmd
    stm32f10x_i2c.o(.text) refers to stm32f10x_rcc.o(.text) for RCC_APB1PeriphResetCmd
    entry.o(.ARM.Collect$$$$00000000) refers (Special) to entry10a.o(.ARM.Collect$$$$0000000D) for __rt_final_cpp
    entry.o(.ARM.Collect$$$$00000000) refers (Special) to entry11a.o(.ARM.Collect$$$$0000000F) for __rt_final_exit
    entry.o(.ARM.Collect$$$$00000000) refers (Special) to entry7b.o(.ARM.Collect$$$$00000008) for _main_clock
    entry.o(.ARM.Collect$$$$00000000) refers (Special) to entry8b.o(.ARM.Collect$$$$0000000A) for _main_cpp_init
    entry.o(.ARM.Collect$$$$00000000) refers (Special) to entry9a.o(.ARM.Collect$$$$0000000B) for _main_init
    entry.o(.ARM.Collect$$$$00000000) refers (Special) to entry5.o(.ARM.Collect$$$$00000004) for _main_scatterload
    entry.o(.ARM.Collect$$$$00000000) refers (Special) to entry2.o(.ARM.Collect$$$$00000001) for _main_stk
    entry2.o(.ARM.Collect$$$$00000001) refers to entry2.o(.ARM.Collect$$$$00002712) for __lit__00000000
    entry2.o(.ARM.Collect$$$$00002712) refers to startup_stm32f10x_hd.o(STACK) for __initial_sp
    entry2.o(__vectab_stack_and_reset_area) refers to startup_stm32f10x_hd.o(STACK) for __initial_sp
    entry2.o(__vectab_stack_and_reset_area) refers to entry.o(.ARM.Collect$$$$00000000) for __main
    entry5.o(.ARM.Collect$$$$00000004) refers to init.o(.text) for __scatterload
    entry9a.o(.ARM.Collect$$$$0000000B) refers to main.o(.text) for main
    entry9b.o(.ARM.Collect$$$$0000000C) refers to main.o(.text) for main
    init.o(.text) refers to entry5.o(.ARM.Collect$$$$00000004) for __main_after_scatterload


==============================================================================

Removing Unused input sections from the image.

    Removing startup_stm32f10x_hd.o(HEAP), (0 bytes).
    Removing sys.o(.emb_text), (6 bytes).
    Removing sys.o(.text), (12 bytes).
    Removing stm32f10x_adc.o(.text), (1072 bytes).
    Removing stm32f10x_exti.o(.text), (320 bytes).
    Removing stm32f10x_i2c.o(.text), (996 bytes).
    Removing stm32f10x_rtc.o(.text), (328 bytes).
    Removing core_cm3.o(.emb_text), (32 bytes).
    Removing system_stm32f10x.o(.constdata), (20 bytes).

9 unused section(s) (total 2786 bytes) removed from the image.

==============================================================================

Image Symbol Table

    Local Symbols

    Symbol Name                              Value     Ov Type        Size  Object(Section)

    ../clib/microlib/init/entry.s            0x00000000   Number         0  entry10a.o ABSOLUTE
    ../clib/microlib/init/entry.s            0x00000000   Number         0  entry11a.o ABSOLUTE
    ../clib/microlib/init/entry.s            0x00000000   Number         0  entry10b.o ABSOLUTE
    ../clib/microlib/init/entry.s            0x00000000   Number         0  entry2.o ABSOLUTE
    ../clib/microlib/init/entry.s            0x00000000   Number         0  entry9b.o ABSOLUTE
    ../clib/microlib/init/entry.s            0x00000000   Number         0  entry9a.o ABSOLUTE
    ../clib/microlib/init/entry.s            0x00000000   Number         0  entry.o ABSOLUTE
    ../clib/microlib/init/entry.s            0x00000000   Number         0  entry8b.o ABSOLUTE
    ../clib/microlib/init/entry.s            0x00000000   Number         0  entry8a.o ABSOLUTE
    ../clib/microlib/init/entry.s            0x00000000   Number         0  entry7b.o ABSOLUTE
    ../clib/microlib/init/entry.s            0x00000000   Number         0  entry7a.o ABSOLUTE
    ../clib/microlib/init/entry.s            0x00000000   Number         0  entry5.o ABSOLUTE
    ../clib/microlib/init/entry.s            0x00000000   Number         0  entry11b.o ABSOLUTE
    ../clib/microlib/stubs.s                 0x00000000   Number         0  useno.o ABSOLUTE
    FWlib\SRC\misc.c                         0x00000000   Number         0  misc.o ABSOLUTE
    FWlib\SRC\stm32f10x_adc.c                0x00000000   Number         0  stm32f10x_adc.o ABSOLUTE
    FWlib\SRC\stm32f10x_exti.c               0x00000000   Number         0  stm32f10x_exti.o ABSOLUTE
    FWlib\SRC\stm32f10x_gpio.c               0x00000000   Number         0  stm32f10x_gpio.o ABSOLUTE
    FWlib\SRC\stm32f10x_i2c.c                0x00000000   Number         0  stm32f10x_i2c.o ABSOLUTE
    FWlib\SRC\stm32f10x_rcc.c                0x00000000   Number         0  stm32f10x_rcc.o ABSOLUTE
    FWlib\SRC\stm32f10x_rtc.c                0x00000000   Number         0  stm32f10x_rtc.o ABSOLUTE
    FWlib\SRC\stm32f10x_tim.c                0x00000000   Number         0  stm32f10x_tim.o ABSOLUTE
    FWlib\SRC\stm32f10x_usart.c              0x00000000   Number         0  stm32f10x_usart.o ABSOLUTE
    dc.s                                     0x00000000   Number         0  dc.o ABSOLUTE
    handlers.s                               0x00000000   Number         0  handlers.o ABSOLUTE
    init.s                                   0x00000000   Number         0  init.o ABSOLUTE
    startup\startup_stm32f10x_hd.s           0x00000000   Number         0  startup_stm32f10x_hd.o ABSOLUTE
    user\24cxx.c                             0x00000000   Number         0  24cxx.o ABSOLUTE
    user\\core_cm3.c                         0x00000000   Number         0  core_cm3.o ABSOLUTE
    user\\sys.c                              0x00000000   Number         0  sys.o ABSOLUTE
    user\core_cm3.c                          0x00000000   Number         0  core_cm3.o ABSOLUTE
    user\delay.c                             0x00000000   Number         0  delay.o ABSOLUTE
    user\main.c                              0x00000000   Number         0  main.o ABSOLUTE
    user\myiic.c                             0x00000000   Number         0  myiic.o ABSOLUTE
    user\relay.c                             0x00000000   Number         0  relay.o ABSOLUTE
    user\stm32f10x_it.c                      0x00000000   Number         0  stm32f10x_it.o ABSOLUTE
    user\sys.c                               0x00000000   Number         0  sys.o ABSOLUTE
    user\system_stm32f10x.c                  0x00000000   Number         0  system_stm32f10x.o ABSOLUTE
    user\usart.c                             0x00000000   Number         0  usart.o ABSOLUTE
    RESET                                    0x08000000   Section      304  startup_stm32f10x_hd.o(RESET)
    .ARM.Collect$$$$00000000                 0x08000130   Section        0  entry.o(.ARM.Collect$$$$00000000)
    .ARM.Collect$$$$00000001                 0x08000130   Section        4  entry2.o(.ARM.Collect$$$$00000001)
    .ARM.Collect$$$$00000004                 0x08000134   Section        4  entry5.o(.ARM.Collect$$$$00000004)
    .ARM.Collect$$$$00000008                 0x08000138   Section        0  entry7b.o(.ARM.Collect$$$$00000008)
    .ARM.Collect$$$$0000000A                 0x08000138   Section        0  entry8b.o(.ARM.Collect$$$$0000000A)
    .ARM.Collect$$$$0000000B                 0x08000138   Section        8  entry9a.o(.ARM.Collect$$$$0000000B)
    .ARM.Collect$$$$0000000D                 0x08000140   Section        0  entry10a.o(.ARM.Collect$$$$0000000D)
    .ARM.Collect$$$$0000000F                 0x08000140   Section        0  entry11a.o(.ARM.Collect$$$$0000000F)
    .ARM.Collect$$$$00002712                 0x08000140   Section        4  entry2.o(.ARM.Collect$$$$00002712)
    __lit__00000000                          0x08000140   Data           4  entry2.o(.ARM.Collect$$$$00002712)
    .text                                    0x08000144   Section       48  startup_stm32f10x_hd.o(.text)
    .text                                    0x08000174   Section        0  stm32f10x_it.o(.text)
    .text                                    0x08000190   Section        0  main.o(.text)
    Params_Init                              0x08000203   Thumb Code   116  main.o(.text)
    .text                                    0x080002a8   Section        0  delay.o(.text)
    .text                                    0x08000358   Section        0  usart.o(.text)
    .text                                    0x08000498   Section        0  relay.o(.text)
    .text                                    0x080004e8   Section        0  24cxx.o(.text)
    .text                                    0x08000664   Section        0  myiic.o(.text)
    .text                                    0x080008bc   Section        0  stm32f10x_gpio.o(.text)
    .text                                    0x08000bec   Section        0  misc.o(.text)
    .text                                    0x08000cc8   Section        0  stm32f10x_rcc.o(.text)
    .text                                    0x08001068   Section        0  stm32f10x_usart.o(.text)
    .text                                    0x080013d8   Section        0  stm32f10x_tim.o(.text)
    TI4_Config                               0x080016f7   Thumb Code    82  stm32f10x_tim.o(.text)
    TI3_Config                               0x0800175b   Thumb Code    72  stm32f10x_tim.o(.text)
    TI2_Config                               0x080017cd   Thumb Code    80  stm32f10x_tim.o(.text)
    TI1_Config                               0x0800182f   Thumb Code    56  stm32f10x_tim.o(.text)
    .text                                    0x08001fa0   Section        0  system_stm32f10x.o(.text)
    SetSysClockTo72                          0x08001fa1   Thumb Code   220  system_stm32f10x.o(.text)
    SetSysClock                              0x0800207d   Thumb Code     8  system_stm32f10x.o(.text)
    .text                                    0x080020d8   Section       36  init.o(.text)
    i.__scatterload_copy                     0x080020fc   Section       14  handlers.o(i.__scatterload_copy)
    i.__scatterload_null                     0x0800210a   Section        2  handlers.o(i.__scatterload_null)
    i.__scatterload_zeroinit                 0x0800210c   Section       14  handlers.o(i.__scatterload_zeroinit)
    .data                                    0x20000000   Section        4  main.o(.data)
    .data                                    0x20000004   Section        4  delay.o(.data)
    fac_us                                   0x20000004   Data           1  delay.o(.data)
    fac_ms                                   0x20000006   Data           2  delay.o(.data)
    .data                                    0x20000008   Section        6  usart.o(.data)
    .data                                    0x2000000e   Section       20  stm32f10x_rcc.o(.data)
    APBAHBPrescTable                         0x2000000e   Data          16  stm32f10x_rcc.o(.data)
    ADCPrescTable                            0x2000001e   Data           4  stm32f10x_rcc.o(.data)
    .bss                                     0x20000024   Section       20  main.o(.bss)
    .bss                                     0x20000038   Section      200  usart.o(.bss)
    STACK                                    0x20000100   Section      512  startup_stm32f10x_hd.o(STACK)

    Global Symbols

    Symbol Name                              Value     Ov Type        Size  Object(Section)

    BuildAttributes$$THM_ISAv4$P$D$K$B$S$PE$A:L22UL41UL21$X:L11$S22US41US21$IEEE1$IW$USESV6$~STKCKD$USESV7$~SHL$OSPACE$EBA8$MICROLIB$REQ8$PRES8$EABIv2 0x00000000   Number         0  anon$$obj.o ABSOLUTE
    __ARM_use_no_argv                        0x00000000   Number         0  main.o ABSOLUTE
    __use_no_errno                           0x00000000   Number         0  useno.o ABSOLUTE
    __use_no_exception_handling              0x00000000   Number         0  useno.o ABSOLUTE
    __use_no_fp                              0x00000000   Number         0  useno.o ABSOLUTE
    __use_no_heap                            0x00000000   Number         0  useno.o ABSOLUTE
    __use_no_heap_region                     0x00000000   Number         0  useno.o ABSOLUTE
    __use_no_semihosting                     0x00000000   Number         0  useno.o ABSOLUTE
    __use_no_semihosting_swi                 0x00000000   Number         0  useno.o ABSOLUTE
    __use_no_signal_handling                 0x00000000   Number         0  useno.o ABSOLUTE
    __cpp_initialize__aeabi_                  - Undefined Weak Reference
    __cxa_finalize                            - Undefined Weak Reference
    __decompress                              - Undefined Weak Reference
    _clock_init                               - Undefined Weak Reference
    _microlib_exit                            - Undefined Weak Reference
    __Vectors_Size                           0x00000130   Number         0  startup_stm32f10x_hd.o ABSOLUTE
    __Vectors                                0x08000000   Data           4  startup_stm32f10x_hd.o(RESET)
    __Vectors_End                            0x08000130   Data           0  startup_stm32f10x_hd.o(RESET)
    __main                                   0x08000131   Thumb Code     0  entry.o(.ARM.Collect$$$$00000000)
    _main_stk                                0x08000131   Thumb Code     0  entry2.o(.ARM.Collect$$$$00000001)
    _main_scatterload                        0x08000135   Thumb Code     0  entry5.o(.ARM.Collect$$$$00000004)
    __main_after_scatterload                 0x08000139   Thumb Code     0  entry5.o(.ARM.Collect$$$$00000004)
    _main_clock                              0x08000139   Thumb Code     0  entry7b.o(.ARM.Collect$$$$00000008)
    _main_cpp_init                           0x08000139   Thumb Code     0  entry8b.o(.ARM.Collect$$$$0000000A)
    _main_init                               0x08000139   Thumb Code     0  entry9a.o(.ARM.Collect$$$$0000000B)
    __rt_final_cpp                           0x08000141   Thumb Code     0  entry10a.o(.ARM.Collect$$$$0000000D)
    __rt_final_exit                          0x08000141   Thumb Code     0  entry11a.o(.ARM.Collect$$$$0000000F)
    SystemInit_ExtMemCtl                     0x08000145   Thumb Code     2  startup_stm32f10x_hd.o(.text)
    Reset_Handler                            0x08000147   Thumb Code    14  startup_stm32f10x_hd.o(.text)
    ADC1_2_IRQHandler                        0x08000167   Thumb Code     0  startup_stm32f10x_hd.o(.text)
    ADC3_IRQHandler                          0x08000167   Thumb Code     0  startup_stm32f10x_hd.o(.text)
    CAN1_RX1_IRQHandler                      0x08000167   Thumb Code     0  startup_stm32f10x_hd.o(.text)
    CAN1_SCE_IRQHandler                      0x08000167   Thumb Code     0  startup_stm32f10x_hd.o(.text)
    DMA1_Channel1_IRQHandler                 0x08000167   Thumb Code     0  startup_stm32f10x_hd.o(.text)
    DMA1_Channel2_IRQHandler                 0x08000167   Thumb Code     0  startup_stm32f10x_hd.o(.text)
    DMA1_Channel3_IRQHandler                 0x08000167   Thumb Code     0  startup_stm32f10x_hd.o(.text)
    DMA1_Channel4_IRQHandler                 0x08000167   Thumb Code     0  startup_stm32f10x_hd.o(.text)
    DMA1_Channel5_IRQHandler                 0x08000167   Thumb Code     0  startup_stm32f10x_hd.o(.text)
    DMA1_Channel6_IRQHandler                 0x08000167   Thumb Code     0  startup_stm32f10x_hd.o(.text)
    DMA1_Channel7_IRQHandler                 0x08000167   Thumb Code     0  startup_stm32f10x_hd.o(.text)
    DMA2_Channel1_IRQHandler                 0x08000167   Thumb Code     0  startup_stm32f10x_hd.o(.text)
    DMA2_Channel2_IRQHandler                 0x08000167   Thumb Code     0  startup_stm32f10x_hd.o(.text)
    DMA2_Channel3_IRQHandler                 0x08000167   Thumb Code     0  startup_stm32f10x_hd.o(.text)
    DMA2_Channel4_5_IRQHandler               0x08000167   Thumb Code     0  startup_stm32f10x_hd.o(.text)
    EXTI0_IRQHandler                         0x08000167   Thumb Code     0  startup_stm32f10x_hd.o(.text)
    EXTI15_10_IRQHandler                     0x08000167   Thumb Code     0  startup_stm32f10x_hd.o(.text)
    EXTI1_IRQHandler                         0x08000167   Thumb Code     0  startup_stm32f10x_hd.o(.text)
    EXTI2_IRQHandler                         0x08000167   Thumb Code     0  startup_stm32f10x_hd.o(.text)
    EXTI3_IRQHandler                         0x08000167   Thumb Code     0  startup_stm32f10x_hd.o(.text)
    EXTI4_IRQHandler                         0x08000167   Thumb Code     0  startup_stm32f10x_hd.o(.text)
    EXTI9_5_IRQHandler                       0x08000167   Thumb Code     0  startup_stm32f10x_hd.o(.text)
    FLASH_IRQHandler                         0x08000167   Thumb Code     0  startup_stm32f10x_hd.o(.text)
    FSMC_IRQHandler                          0x08000167   Thumb Code     0  startup_stm32f10x_hd.o(.text)
    I2C1_ER_IRQHandler                       0x08000167   Thumb Code     0  startup_stm32f10x_hd.o(.text)
    I2C1_EV_IRQHandler                       0x08000167   Thumb Code     0  startup_stm32f10x_hd.o(.text)
    I2C2_ER_IRQHandler                       0x08000167   Thumb Code     0  startup_stm32f10x_hd.o(.text)
    I2C2_EV_IRQHandler                       0x08000167   Thumb Code     0  startup_stm32f10x_hd.o(.text)
    PVD_IRQHandler                           0x08000167   Thumb Code     0  startup_stm32f10x_hd.o(.text)
    RCC_IRQHandler                           0x08000167   Thumb Code     0  startup_stm32f10x_hd.o(.text)
    RTCAlarm_IRQHandler                      0x08000167   Thumb Code     0  startup_stm32f10x_hd.o(.text)
    RTC_IRQHandler                           0x08000167   Thumb Code     0  startup_stm32f10x_hd.o(.text)
    SDIO_IRQHandler                          0x08000167   Thumb Code     0  startup_stm32f10x_hd.o(.text)
    SPI1_IRQHandler                          0x08000167   Thumb Code     0  startup_stm32f10x_hd.o(.text)
    SPI2_IRQHandler                          0x08000167   Thumb Code     0  startup_stm32f10x_hd.o(.text)
    SPI3_IRQHandler                          0x08000167   Thumb Code     0  startup_stm32f10x_hd.o(.text)
    TAMPER_IRQHandler                        0x08000167   Thumb Code     0  startup_stm32f10x_hd.o(.text)
    TIM1_BRK_IRQHandler                      0x08000167   Thumb Code     0  startup_stm32f10x_hd.o(.text)
    TIM1_CC_IRQHandler                       0x08000167   Thumb Code     0  startup_stm32f10x_hd.o(.text)
    TIM1_TRG_COM_IRQHandler                  0x08000167   Thumb Code     0  startup_stm32f10x_hd.o(.text)
    TIM1_UP_IRQHandler                       0x08000167   Thumb Code     0  startup_stm32f10x_hd.o(.text)
    TIM2_IRQHandler                          0x08000167   Thumb Code     0  startup_stm32f10x_hd.o(.text)
    TIM4_IRQHandler                          0x08000167   Thumb Code     0  startup_stm32f10x_hd.o(.text)
    TIM5_IRQHandler                          0x08000167   Thumb Code     0  startup_stm32f10x_hd.o(.text)
    TIM6_IRQHandler                          0x08000167   Thumb Code     0  startup_stm32f10x_hd.o(.text)
    TIM7_IRQHandler                          0x08000167   Thumb Code     0  startup_stm32f10x_hd.o(.text)
    TIM8_BRK_IRQHandler                      0x08000167   Thumb Code     0  startup_stm32f10x_hd.o(.text)
    TIM8_CC_IRQHandler                       0x08000167   Thumb Code     0  startup_stm32f10x_hd.o(.text)
    TIM8_TRG_COM_IRQHandler                  0x08000167   Thumb Code     0  startup_stm32f10x_hd.o(.text)
    TIM8_UP_IRQHandler                       0x08000167   Thumb Code     0  startup_stm32f10x_hd.o(.text)
    UART4_IRQHandler                         0x08000167   Thumb Code     0  startup_stm32f10x_hd.o(.text)
    UART5_IRQHandler                         0x08000167   Thumb Code     0  startup_stm32f10x_hd.o(.text)
    USART2_IRQHandler                        0x08000167   Thumb Code     0  startup_stm32f10x_hd.o(.text)
    USART3_IRQHandler                        0x08000167   Thumb Code     0  startup_stm32f10x_hd.o(.text)
    USBWakeUp_IRQHandler                     0x08000167   Thumb Code     0  startup_stm32f10x_hd.o(.text)
    USB_HP_CAN1_TX_IRQHandler                0x08000167   Thumb Code     0  startup_stm32f10x_hd.o(.text)
    USB_LP_CAN1_RX0_IRQHandler               0x08000167   Thumb Code     0  startup_stm32f10x_hd.o(.text)
    WWDG_IRQHandler                          0x08000167   Thumb Code     0  startup_stm32f10x_hd.o(.text)
    NMI_Handler                              0x08000175   Thumb Code     2  stm32f10x_it.o(.text)
    HardFault_Handler                        0x08000177   Thumb Code     4  stm32f10x_it.o(.text)
    MemManage_Handler                        0x0800017b   Thumb Code     4  stm32f10x_it.o(.text)
    BusFault_Handler                         0x0800017f   Thumb Code     4  stm32f10x_it.o(.text)
    UsageFault_Handler                       0x08000183   Thumb Code     4  stm32f10x_it.o(.text)
    SVC_Handler                              0x08000187   Thumb Code     2  stm32f10x_it.o(.text)
    DebugMon_Handler                         0x08000189   Thumb Code     2  stm32f10x_it.o(.text)
    PendSV_Handler                           0x0800018b   Thumb Code     2  stm32f10x_it.o(.text)
    SysTick_Handler                          0x0800018d   Thumb Code     2  stm32f10x_it.o(.text)
    TIM3_Int_Init                            0x08000191   Thumb Code    82  main.o(.text)
    TIM3_IRQHandler                          0x080001e3   Thumb Code    32  main.o(.text)
    main                                     0x08000277   Thumb Code    38  main.o(.text)
    delay_init                               0x080002a9   Thumb Code    56  delay.o(.text)
    delay_ms                                 0x080002e1   Thumb Code    56  delay.o(.text)
    delay_us                                 0x08000319   Thumb Code    56  delay.o(.text)
    _sys_exit                                0x08000359   Thumb Code     4  usart.o(.text)
    fputc                                    0x0800035d   Thumb Code    24  usart.o(.text)
    uart_init                                0x08000375   Thumb Code   152  usart.o(.text)
    USART1_IRQHandler                        0x0800040d   Thumb Code   122  usart.o(.text)
    Relay_Gpio_Init                          0x08000499   Thumb Code    74  relay.o(.text)
    AT24CXX_Init                             0x080004e9   Thumb Code     8  24cxx.o(.text)
    AT24CXX_ReadOneByte                      0x080004f1   Thumb Code    88  24cxx.o(.text)
    AT24CXX_WriteOneByte                     0x08000549   Thumb Code    80  24cxx.o(.text)
    AT24CXX_WriteLenByte                     0x08000599   Thumb Code    42  24cxx.o(.text)
    AT24CXX_ReadLenByte                      0x080005c3   Thumb Code    44  24cxx.o(.text)
    AT24CXX_Check                            0x080005ef   Thumb Code    46  24cxx.o(.text)
    AT24CXX_Read                             0x0800061d   Thumb Code    34  24cxx.o(.text)
    AT24CXX_Write                            0x0800063f   Thumb Code    36  24cxx.o(.text)
    IIC_Init                                 0x08000665   Thumb Code    52  myiic.o(.text)
    IIC_Start                                0x08000699   Thumb Code    68  myiic.o(.text)
    IIC_Stop                                 0x080006dd   Thumb Code    62  myiic.o(.text)
    IIC_Wait_Ack                             0x0800071b   Thumb Code    86  myiic.o(.text)
    IIC_Ack                                  0x08000771   Thumb Code    66  myiic.o(.text)
    IIC_NAck                                 0x080007b3   Thumb Code    66  myiic.o(.text)
    IIC_Send_Byte                            0x080007f5   Thumb Code    90  myiic.o(.text)
    IIC_Read_Byte                            0x0800084f   Thumb Code    98  myiic.o(.text)
    GPIO_DeInit                              0x080008bd   Thumb Code   188  stm32f10x_gpio.o(.text)
    GPIO_AFIODeInit                          0x08000979   Thumb Code    20  stm32f10x_gpio.o(.text)
    GPIO_Init                                0x0800098d   Thumb Code   278  stm32f10x_gpio.o(.text)
    GPIO_StructInit                          0x08000aa3   Thumb Code    16  stm32f10x_gpio.o(.text)
    GPIO_ReadInputDataBit                    0x08000ab3   Thumb Code    18  stm32f10x_gpio.o(.text)
    GPIO_ReadInputData                       0x08000ac5   Thumb Code     8  stm32f10x_gpio.o(.text)
    GPIO_ReadOutputDataBit                   0x08000acd   Thumb Code    18  stm32f10x_gpio.o(.text)
    GPIO_ReadOutputData                      0x08000adf   Thumb Code     8  stm32f10x_gpio.o(.text)
    GPIO_SetBits                             0x08000ae7   Thumb Code     4  stm32f10x_gpio.o(.text)
    GPIO_ResetBits                           0x08000aeb   Thumb Code     4  stm32f10x_gpio.o(.text)
    GPIO_WriteBit                            0x08000aef   Thumb Code    10  stm32f10x_gpio.o(.text)
    GPIO_Write                               0x08000af9   Thumb Code     4  stm32f10x_gpio.o(.text)
    GPIO_PinLockConfig                       0x08000afd   Thumb Code    18  stm32f10x_gpio.o(.text)
    GPIO_EventOutputConfig                   0x08000b0f   Thumb Code    26  stm32f10x_gpio.o(.text)
    GPIO_EventOutputCmd                      0x08000b29   Thumb Code     6  stm32f10x_gpio.o(.text)
    GPIO_PinRemapConfig                      0x08000b2f   Thumb Code   106  stm32f10x_gpio.o(.text)
    GPIO_EXTILineConfig                      0x08000b99   Thumb Code    66  stm32f10x_gpio.o(.text)
    NVIC_PriorityGroupConfig                 0x08000bed   Thumb Code    10  misc.o(.text)
    NVIC_Init                                0x08000bf7   Thumb Code   100  misc.o(.text)
    NVIC_SetVectorTable                      0x08000c5b   Thumb Code    14  misc.o(.text)
    NVIC_SystemLPConfig                      0x08000c69   Thumb Code    34  misc.o(.text)
    SysTick_CLKSourceConfig                  0x08000c8b   Thumb Code    40  misc.o(.text)
    RCC_DeInit                               0x08000cc9   Thumb Code    62  stm32f10x_rcc.o(.text)
    RCC_HSEConfig                            0x08000d07   Thumb Code    70  stm32f10x_rcc.o(.text)
    RCC_GetFlagStatus                        0x08000d4d   Thumb Code    56  stm32f10x_rcc.o(.text)
    RCC_WaitForHSEStartUp                    0x08000d85   Thumb Code    54  stm32f10x_rcc.o(.text)
    RCC_AdjustHSICalibrationValue            0x08000dbb   Thumb Code    20  stm32f10x_rcc.o(.text)
    RCC_HSICmd                               0x08000dcf   Thumb Code     6  stm32f10x_rcc.o(.text)
    RCC_PLLConfig                            0x08000dd5   Thumb Code    24  stm32f10x_rcc.o(.text)
    RCC_PLLCmd                               0x08000ded   Thumb Code     6  stm32f10x_rcc.o(.text)
    RCC_SYSCLKConfig                         0x08000df3   Thumb Code    18  stm32f10x_rcc.o(.text)
    RCC_GetSYSCLKSource                      0x08000e05   Thumb Code    10  stm32f10x_rcc.o(.text)
    RCC_HCLKConfig                           0x08000e0f   Thumb Code    18  stm32f10x_rcc.o(.text)
    RCC_PCLK1Config                          0x08000e21   Thumb Code    18  stm32f10x_rcc.o(.text)
    RCC_PCLK2Config                          0x08000e33   Thumb Code    20  stm32f10x_rcc.o(.text)
    RCC_ITConfig                             0x08000e47   Thumb Code    26  stm32f10x_rcc.o(.text)
    RCC_USBCLKConfig                         0x08000e61   Thumb Code     8  stm32f10x_rcc.o(.text)
    RCC_ADCCLKConfig                         0x08000e69   Thumb Code    18  stm32f10x_rcc.o(.text)
    RCC_LSEConfig                            0x08000e7b   Thumb Code    50  stm32f10x_rcc.o(.text)
    RCC_LSICmd                               0x08000ead   Thumb Code     6  stm32f10x_rcc.o(.text)
    RCC_RTCCLKConfig                         0x08000eb3   Thumb Code    12  stm32f10x_rcc.o(.text)
    RCC_RTCCLKCmd                            0x08000ebf   Thumb Code     8  stm32f10x_rcc.o(.text)
    RCC_GetClocksFreq                        0x08000ec7   Thumb Code   192  stm32f10x_rcc.o(.text)
    RCC_AHBPeriphClockCmd                    0x08000f87   Thumb Code    26  stm32f10x_rcc.o(.text)
    RCC_APB2PeriphClockCmd                   0x08000fa1   Thumb Code    26  stm32f10x_rcc.o(.text)
    RCC_APB1PeriphClockCmd                   0x08000fbb   Thumb Code    26  stm32f10x_rcc.o(.text)
    RCC_APB2PeriphResetCmd                   0x08000fd5   Thumb Code    26  stm32f10x_rcc.o(.text)
    RCC_APB1PeriphResetCmd                   0x08000fef   Thumb Code    26  stm32f10x_rcc.o(.text)
    RCC_BackupResetCmd                       0x08001009   Thumb Code     8  stm32f10x_rcc.o(.text)
    RCC_ClockSecuritySystemCmd               0x08001011   Thumb Code     6  stm32f10x_rcc.o(.text)
    RCC_MCOConfig                            0x08001017   Thumb Code     6  stm32f10x_rcc.o(.text)
    RCC_ClearFlag                            0x0800101d   Thumb Code    14  stm32f10x_rcc.o(.text)
    RCC_GetITStatus                          0x0800102b   Thumb Code    20  stm32f10x_rcc.o(.text)
    RCC_ClearITPendingBit                    0x0800103f   Thumb Code     6  stm32f10x_rcc.o(.text)
    USART_DeInit                             0x08001069   Thumb Code   146  stm32f10x_usart.o(.text)
    USART_Init                               0x080010fb   Thumb Code   150  stm32f10x_usart.o(.text)
    USART_StructInit                         0x08001191   Thumb Code    24  stm32f10x_usart.o(.text)
    USART_ClockInit                          0x080011a9   Thumb Code    34  stm32f10x_usart.o(.text)
    USART_ClockStructInit                    0x080011cb   Thumb Code    12  stm32f10x_usart.o(.text)
    USART_Cmd                                0x080011d7   Thumb Code    24  stm32f10x_usart.o(.text)
    USART_ITConfig                           0x080011ef   Thumb Code    64  stm32f10x_usart.o(.text)
    USART_DMACmd                             0x0800122f   Thumb Code    18  stm32f10x_usart.o(.text)
    USART_SetAddress                         0x08001241   Thumb Code    18  stm32f10x_usart.o(.text)
    USART_WakeUpConfig                       0x08001253   Thumb Code    18  stm32f10x_usart.o(.text)
    USART_ReceiverWakeUpCmd                  0x08001265   Thumb Code    24  stm32f10x_usart.o(.text)
    USART_LINBreakDetectLengthConfig         0x0800127d   Thumb Code    18  stm32f10x_usart.o(.text)
    USART_LINCmd                             0x0800128f   Thumb Code    24  stm32f10x_usart.o(.text)
    USART_SendData                           0x080012a7   Thumb Code     8  stm32f10x_usart.o(.text)
    USART_ReceiveData                        0x080012af   Thumb Code    10  stm32f10x_usart.o(.text)
    USART_SendBreak                          0x080012b9   Thumb Code    10  stm32f10x_usart.o(.text)
    USART_SetGuardTime                       0x080012c3   Thumb Code    16  stm32f10x_usart.o(.text)
    USART_SetPrescaler                       0x080012d3   Thumb Code    16  stm32f10x_usart.o(.text)
    USART_SmartCardCmd                       0x080012e3   Thumb Code    24  stm32f10x_usart.o(.text)
    USART_SmartCardNACKCmd                   0x080012fb   Thumb Code    24  stm32f10x_usart.o(.text)
    USART_HalfDuplexCmd                      0x08001313   Thumb Code    24  stm32f10x_usart.o(.text)
    USART_IrDAConfig                         0x0800132b   Thumb Code    18  stm32f10x_usart.o(.text)
    USART_IrDACmd                            0x0800133d   Thumb Code    24  stm32f10x_usart.o(.text)
    USART_GetFlagStatus                      0x08001355   Thumb Code    18  stm32f10x_usart.o(.text)
    USART_ClearFlag                          0x08001367   Thumb Code     6  stm32f10x_usart.o(.text)
    USART_GetITStatus                        0x0800136d   Thumb Code    76  stm32f10x_usart.o(.text)
    USART_ClearITPendingBit                  0x080013b9   Thumb Code    20  stm32f10x_usart.o(.text)
    TIM_DeInit                               0x080013d9   Thumb Code   214  stm32f10x_tim.o(.text)
    TIM_TimeBaseInit                         0x080014af   Thumb Code    50  stm32f10x_tim.o(.text)
    TIM_OC1Init                              0x080014e1   Thumb Code   110  stm32f10x_tim.o(.text)
    TIM_OC2Init                              0x0800154f   Thumb Code   148  stm32f10x_tim.o(.text)
    TIM_OC3Init                              0x080015e3   Thumb Code   144  stm32f10x_tim.o(.text)
    TIM_OC4Init                              0x08001673   Thumb Code   106  stm32f10x_tim.o(.text)
    TIM_SetIC4Prescaler                      0x080016dd   Thumb Code    26  stm32f10x_tim.o(.text)
    TIM_SetIC3Prescaler                      0x08001749   Thumb Code    18  stm32f10x_tim.o(.text)
    TIM_SetIC2Prescaler                      0x080017a3   Thumb Code    42  stm32f10x_tim.o(.text)
    TIM_SetIC1Prescaler                      0x0800181d   Thumb Code    18  stm32f10x_tim.o(.text)
    TIM_ICInit                               0x08001867   Thumb Code   110  stm32f10x_tim.o(.text)
    TIM_PWMIConfig                           0x080018d5   Thumb Code   124  stm32f10x_tim.o(.text)
    TIM_BDTRConfig                           0x08001951   Thumb Code    32  stm32f10x_tim.o(.text)
    TIM_TimeBaseStructInit                   0x08001971   Thumb Code    18  stm32f10x_tim.o(.text)
    TIM_OCStructInit                         0x08001983   Thumb Code    20  stm32f10x_tim.o(.text)
    TIM_ICStructInit                         0x08001997   Thumb Code    18  stm32f10x_tim.o(.text)
    TIM_BDTRStructInit                       0x080019a9   Thumb Code    18  stm32f10x_tim.o(.text)
    TIM_Cmd                                  0x080019bb   Thumb Code    24  stm32f10x_tim.o(.text)
    TIM_CtrlPWMOutputs                       0x080019d3   Thumb Code    30  stm32f10x_tim.o(.text)
    TIM_ITConfig                             0x080019f1   Thumb Code    18  stm32f10x_tim.o(.text)
    TIM_GenerateEvent                        0x08001a03   Thumb Code     4  stm32f10x_tim.o(.text)
    TIM_DMAConfig                            0x08001a07   Thumb Code    10  stm32f10x_tim.o(.text)
    TIM_DMACmd                               0x08001a11   Thumb Code    18  stm32f10x_tim.o(.text)
    TIM_InternalClockConfig                  0x08001a23   Thumb Code    12  stm32f10x_tim.o(.text)
    TIM_SelectInputTrigger                   0x08001a2f   Thumb Code    18  stm32f10x_tim.o(.text)
    TIM_ITRxExternalClockConfig              0x08001a41   Thumb Code    24  stm32f10x_tim.o(.text)
    TIM_TIxExternalClockConfig               0x08001a59   Thumb Code    62  stm32f10x_tim.o(.text)
    TIM_ETRConfig                            0x08001a97   Thumb Code    30  stm32f10x_tim.o(.text)
    TIM_ETRClockMode1Config                  0x08001ab5   Thumb Code    54  stm32f10x_tim.o(.text)
    TIM_ETRClockMode2Config                  0x08001aeb   Thumb Code    32  stm32f10x_tim.o(.text)
    TIM_PrescalerConfig                      0x08001b0b   Thumb Code     6  stm32f10x_tim.o(.text)
    TIM_CounterModeConfig                    0x08001b11   Thumb Code    18  stm32f10x_tim.o(.text)
    TIM_EncoderInterfaceConfig               0x08001b23   Thumb Code    66  stm32f10x_tim.o(.text)
    TIM_ForcedOC1Config                      0x08001b65   Thumb Code    18  stm32f10x_tim.o(.text)
    TIM_ForcedOC2Config                      0x08001b77   Thumb Code    26  stm32f10x_tim.o(.text)
    TIM_ForcedOC3Config                      0x08001b91   Thumb Code    18  stm32f10x_tim.o(.text)
    TIM_ForcedOC4Config                      0x08001ba3   Thumb Code    26  stm32f10x_tim.o(.text)
    TIM_ARRPreloadConfig                     0x08001bbd   Thumb Code    24  stm32f10x_tim.o(.text)
    TIM_SelectCOM                            0x08001bd5   Thumb Code    24  stm32f10x_tim.o(.text)
    TIM_SelectCCDMA                          0x08001bed   Thumb Code    24  stm32f10x_tim.o(.text)
    TIM_CCPreloadControl                     0x08001c05   Thumb Code    24  stm32f10x_tim.o(.text)
    TIM_OC1PreloadConfig                     0x08001c1d   Thumb Code    18  stm32f10x_tim.o(.text)
    TIM_OC2PreloadConfig                     0x08001c2f   Thumb Code    26  stm32f10x_tim.o(.text)
    TIM_OC3PreloadConfig                     0x08001c49   Thumb Code    18  stm32f10x_tim.o(.text)
    TIM_OC4PreloadConfig                     0x08001c5b   Thumb Code    26  stm32f10x_tim.o(.text)
    TIM_OC1FastConfig                        0x08001c75   Thumb Code    18  stm32f10x_tim.o(.text)
    TIM_OC2FastConfig                        0x08001c87   Thumb Code    26  stm32f10x_tim.o(.text)
    TIM_OC3FastConfig                        0x08001ca1   Thumb Code    18  stm32f10x_tim.o(.text)
    TIM_OC4FastConfig                        0x08001cb3   Thumb Code    26  stm32f10x_tim.o(.text)
    TIM_ClearOC1Ref                          0x08001ccd   Thumb Code    18  stm32f10x_tim.o(.text)
    TIM_ClearOC2Ref                          0x08001cdf   Thumb Code    24  stm32f10x_tim.o(.text)
    TIM_ClearOC3Ref                          0x08001cf7   Thumb Code    18  stm32f10x_tim.o(.text)
    TIM_ClearOC4Ref                          0x08001d09   Thumb Code    24  stm32f10x_tim.o(.text)
    TIM_OC1PolarityConfig                    0x08001d21   Thumb Code    18  stm32f10x_tim.o(.text)
    TIM_OC1NPolarityConfig                   0x08001d33   Thumb Code    18  stm32f10x_tim.o(.text)
    TIM_OC2PolarityConfig                    0x08001d45   Thumb Code    26  stm32f10x_tim.o(.text)
    TIM_OC2NPolarityConfig                   0x08001d5f   Thumb Code    26  stm32f10x_tim.o(.text)
    TIM_OC3PolarityConfig                    0x08001d79   Thumb Code    26  stm32f10x_tim.o(.text)
    TIM_OC3NPolarityConfig                   0x08001d93   Thumb Code    26  stm32f10x_tim.o(.text)
    TIM_OC4PolarityConfig                    0x08001dad   Thumb Code    26  stm32f10x_tim.o(.text)
    TIM_CCxCmd                               0x08001dc7   Thumb Code    26  stm32f10x_tim.o(.text)
    TIM_CCxNCmd                              0x08001de1   Thumb Code    26  stm32f10x_tim.o(.text)
    TIM_SelectOCxM                           0x08001dfb   Thumb Code   134  stm32f10x_tim.o(.text)
    TIM_UpdateDisableConfig                  0x08001e81   Thumb Code    24  stm32f10x_tim.o(.text)
    TIM_UpdateRequestConfig                  0x08001e99   Thumb Code    24  stm32f10x_tim.o(.text)
    TIM_SelectHallSensor                     0x08001eb1   Thumb Code    24  stm32f10x_tim.o(.text)
    TIM_SelectOnePulseMode                   0x08001ec9   Thumb Code    18  stm32f10x_tim.o(.text)
    TIM_SelectOutputTrigger                  0x08001edb   Thumb Code    18  stm32f10x_tim.o(.text)
    TIM_SelectSlaveMode                      0x08001eed   Thumb Code    18  stm32f10x_tim.o(.text)
    TIM_SelectMasterSlaveMode                0x08001eff   Thumb Code    18  stm32f10x_tim.o(.text)
    TIM_SetCounter                           0x08001f11   Thumb Code     4  stm32f10x_tim.o(.text)
    TIM_SetAutoreload                        0x08001f15   Thumb Code     4  stm32f10x_tim.o(.text)
    TIM_SetCompare1                          0x08001f19   Thumb Code     4  stm32f10x_tim.o(.text)
    TIM_SetCompare2                          0x08001f1d   Thumb Code     4  stm32f10x_tim.o(.text)
    TIM_SetCompare3                          0x08001f21   Thumb Code     4  stm32f10x_tim.o(.text)
    TIM_SetCompare4                          0x08001f25   Thumb Code     6  stm32f10x_tim.o(.text)
    TIM_SetClockDivision                     0x08001f2b   Thumb Code    14  stm32f10x_tim.o(.text)
    TIM_GetCapture1                          0x08001f39   Thumb Code     6  stm32f10x_tim.o(.text)
    TIM_GetCapture2                          0x08001f3f   Thumb Code     6  stm32f10x_tim.o(.text)
    TIM_GetCapture3                          0x08001f45   Thumb Code     6  stm32f10x_tim.o(.text)
    TIM_GetCapture4                          0x08001f4b   Thumb Code     8  stm32f10x_tim.o(.text)
    TIM_GetCounter                           0x08001f53   Thumb Code     6  stm32f10x_tim.o(.text)
    TIM_GetPrescaler                         0x08001f59   Thumb Code     6  stm32f10x_tim.o(.text)
    TIM_GetFlagStatus                        0x08001f5f   Thumb Code    18  stm32f10x_tim.o(.text)
    TIM_ClearFlag                            0x08001f71   Thumb Code     6  stm32f10x_tim.o(.text)
    TIM_GetITStatus                          0x08001f77   Thumb Code    34  stm32f10x_tim.o(.text)
    TIM_ClearITPendingBit                    0x08001f99   Thumb Code     6  stm32f10x_tim.o(.text)
    SystemInit                               0x08002085   Thumb Code    68  system_stm32f10x.o(.text)
    __scatterload                            0x080020d9   Thumb Code    28  init.o(.text)
    __scatterload_rt2                        0x080020d9   Thumb Code     0  init.o(.text)
    __scatterload_copy                       0x080020fd   Thumb Code    14  handlers.o(i.__scatterload_copy)
    __scatterload_null                       0x0800210b   Thumb Code     2  handlers.o(i.__scatterload_null)
    __scatterload_zeroinit                   0x0800210d   Thumb Code    14  handlers.o(i.__scatterload_zeroinit)
    Region$$Table$$Base                      0x0800211c   Number         0  anon$$obj.o(Region$$Table)
    Region$$Table$$Limit                     0x0800213c   Number         0  anon$$obj.o(Region$$Table)
    params                                   0x20000000   Data           4  main.o(.data)
    __stdout                                 0x20000008   Data           4  usart.o(.data)
    USART_RX_STA                             0x2000000c   Data           2  usart.o(.data)
    CFG_PARAMS                               0x20000024   Data          20  main.o(.bss)
    USART_RX_BUF                             0x20000038   Data         200  usart.o(.bss)
    __initial_sp                             0x20000300   Data           0  startup_stm32f10x_hd.o(STACK)



==============================================================================

Memory Map of the image

  Image Entry point : 0x08000131

  Load Region LR_IROM1 (Base: 0x08000000, Size: 0x00002160, Max: 0x00040000, ABSOLUTE)

    Execution Region ER_IROM1 (Base: 0x08000000, Size: 0x0000213c, Max: 0x00040000, ABSOLUTE)

    Base Addr    Size         Type   Attr      Idx    E Section Name        Object

    0x08000000   0x00000130   Data   RO            3    RESET               startup_stm32f10x_hd.o
    0x08000130   0x00000000   Code   RO          461  * .ARM.Collect$$$$00000000  mc_w.l(entry.o)
    0x08000130   0x00000004   Code   RO          464    .ARM.Collect$$$$00000001  mc_w.l(entry2.o)
    0x08000134   0x00000004   Code   RO          467    .ARM.Collect$$$$00000004  mc_w.l(entry5.o)
    0x08000138   0x00000000   Code   RO          469    .ARM.Collect$$$$00000008  mc_w.l(entry7b.o)
    0x08000138   0x00000000   Code   RO          471    .ARM.Collect$$$$0000000A  mc_w.l(entry8b.o)
    0x08000138   0x00000008   Code   RO          472    .ARM.Collect$$$$0000000B  mc_w.l(entry9a.o)
    0x08000140   0x00000000   Code   RO          474    .ARM.Collect$$$$0000000D  mc_w.l(entry10a.o)
    0x08000140   0x00000000   Code   RO          476    .ARM.Collect$$$$0000000F  mc_w.l(entry11a.o)
    0x08000140   0x00000004   Code   RO          465    .ARM.Collect$$$$00002712  mc_w.l(entry2.o)
    0x08000144   0x00000030   Code   RO            4    .text               startup_stm32f10x_hd.o
    0x08000174   0x0000001a   Code   RO           10    .text               stm32f10x_it.o
    0x0800018e   0x00000002   PAD
    0x08000190   0x00000118   Code   RO           69    .text               main.o
    0x080002a8   0x000000b0   Code   RO          151    .text               delay.o
    0x08000358   0x00000140   Code   RO          168    .text               usart.o
    0x08000498   0x00000050   Code   RO          194    .text               relay.o
    0x080004e8   0x0000017a   Code   RO          252    .text               24cxx.o
    0x08000662   0x00000002   PAD
    0x08000664   0x00000258   Code   RO          273    .text               myiic.o
    0x080008bc   0x00000330   Code   RO          301    .text               stm32f10x_gpio.o
    0x08000bec   0x000000dc   Code   RO          335    .text               misc.o
    0x08000cc8   0x000003a0   Code   RO          347    .text               stm32f10x_rcc.o
    0x08001068   0x00000370   Code   RO          373    .text               stm32f10x_usart.o
    0x080013d8   0x00000bc6   Code   RO          385    .text               stm32f10x_tim.o
    0x08001f9e   0x00000002   PAD
    0x08001fa0   0x00000138   Code   RO          443    .text               system_stm32f10x.o
    0x080020d8   0x00000024   Code   RO          478    .text               mc_w.l(init.o)
    0x080020fc   0x0000000e   Code   RO          482    i.__scatterload_copy  mc_w.l(handlers.o)
    0x0800210a   0x00000002   Code   RO          483    i.__scatterload_null  mc_w.l(handlers.o)
    0x0800210c   0x0000000e   Code   RO          484    i.__scatterload_zeroinit  mc_w.l(handlers.o)
    0x0800211a   0x00000002   PAD
    0x0800211c   0x00000020   Data   RO          480    Region$$Table       anon$$obj.o


    Execution Region RW_IRAM1 (Base: 0x20000000, Size: 0x00000300, Max: 0x0000c000, ABSOLUTE)

    Base Addr    Size         Type   Attr      Idx    E Section Name        Object

    0x20000000   0x00000004   Data   RW           71    .data               main.o
    0x20000004   0x00000004   Data   RW          152    .data               delay.o
    0x20000008   0x00000006   Data   RW          170    .data               usart.o
    0x2000000e   0x00000014   Data   RW          348    .data               stm32f10x_rcc.o
    0x20000022   0x00000002   PAD
    0x20000024   0x00000014   Zero   RW           70    .bss                main.o
    0x20000038   0x000000c8   Zero   RW          169    .bss                usart.o
    0x20000100   0x00000200   Zero   RW            1    STACK               startup_stm32f10x_hd.o


==============================================================================

Image component sizes


      Code (inc. data)   RO Data    RW Data    ZI Data      Debug   Object Name

       378          0          0          0          0       2766   24cxx.o
       176          8          0          4          0       1051   delay.o
       280         12          0          4         20     225377   main.o
       220         22          0          0          0       1785   misc.o
       600         12          0          0          0       1880   myiic.o
        80          6          0          0          0       7310   relay.o
        48         12        304          0        512        888   startup_stm32f10x_hd.o
       816         18          0          0          0     205079   stm32f10x_gpio.o
        26          0          0          0          0     250942   stm32f10x_it.o
       928         36          0         20          0       8908   stm32f10x_rcc.o
      3014         16          0          0          0      24560   stm32f10x_tim.o
       880         12          0          0          0       7867   stm32f10x_usart.o
       312         16          0          0          0       1209   system_stm32f10x.o
       320         18          0          6        200       3142   usart.o

    ----------------------------------------------------------------------
      8084        188        336         36        732     742764   Object Totals
         0          0         32          0          0          0   (incl. Generated)
         6          0          0          2          0          0   (incl. Padding)

    ----------------------------------------------------------------------

      Code (inc. data)   RO Data    RW Data    ZI Data      Debug   Library Member Name

         0          0          0          0          0          0   entry.o
         0          0          0          0          0          0   entry10a.o
         0          0          0          0          0          0   entry11a.o
         8          4          0          0          0          0   entry2.o
         4          0          0          0          0          0   entry5.o
         0          0          0          0          0          0   entry7b.o
         0          0          0          0          0          0   entry8b.o
         8          4          0          0          0          0   entry9a.o
        30          0          0          0          0          0   handlers.o
        36          8          0          0          0         68   init.o

    ----------------------------------------------------------------------
        88         16          0          0          0         68   Library Totals
         2          0          0          0          0          0   (incl. Padding)

    ----------------------------------------------------------------------

      Code (inc. data)   RO Data    RW Data    ZI Data      Debug   Library Name

        86         16          0          0          0         68   mc_w.l

    ----------------------------------------------------------------------
        88         16          0          0          0         68   Library Totals

    ----------------------------------------------------------------------

==============================================================================


      Code (inc. data)   RO Data    RW Data    ZI Data      Debug   

      8172        204        336         36        732     741996   Grand Totals
      8172        204        336         36        732     741996   ELF Image Totals
      8172        204        336         36          0          0   ROM Totals

==============================================================================

    Total RO  Size (Code + RO Data)                 8508 (   8.31kB)
    Total RW  Size (RW Data + ZI Data)               768 (   0.75kB)
    Total ROM Size (Code + RO Data + RW Data)       8544 (   8.34kB)

==============================================================================

