Component: ARM Compiler 5.06 update 6 (build 750) Tool: armlink [4d35ed]

==============================================================================

Section Cross References

    startup_stm32f10x_hd.o(RESET) refers to startup_stm32f10x_hd.o(.text) for Reset_Handler
    startup_stm32f10x_hd.o(RESET) refers to stm32f10x_it.o(.text) for NMI_Handler
    startup_stm32f10x_hd.o(.text) refers to startup_stm32f10x_hd.o(STACK) for __initial_sp
    startup_stm32f10x_hd.o(.text) refers to entry.o(.ARM.Collect$$$$00000000) for __main
    main.o(.text) refers to sys.o(.text) for Stm32_Clock_Init
    main.o(.text) refers to delay.o(.text) for delay_init
    main.o(.text) refers to tm1638.o(.text) for TM1638_Init
    delay.o(.text) refers to delay.o(.data) for fac_us
    relay.o(.text) refers to stm32f10x_rcc.o(.text) for RCC_APB2PeriphClockCmd
    relay.o(.text) refers to stm32f10x_gpio.o(.text) for GPIO_PinRemapConfig
    sys.o(.text) refers to sys.o(.emb_text) for WFI_SET
    ad_get.o(.text) refers to stm32f10x_rcc.o(.text) for RCC_APB2PeriphClockCmd
    ad_get.o(.text) refers to stm32f10x_gpio.o(.text) for GPIO_Init
    ad_get.o(.text) refers to stm32f10x_adc.o(.text) for ADC_DeInit
    ad_get.o(.text) refers to delay.o(.text) for delay_ms
    ad_get.o(.text) refers to ad_get.o(.constdata) for temp
    show.o(.text) refers to tm1638.o(.text) for TM1638_Init
    show.o(.text) refers to show.o(.data) for uDisplay_LedData
    tm1638.o(.text) refers to stm32f10x_gpio.o(.text) for GPIO_Init
    tm1638.o(.text) refers to stm32f10x_rcc.o(.text) for RCC_APB2PeriphClockCmd
    tm1638.o(.text) refers to tm1638.o(.constdata) for TM1638_LedAddrTab
    stm32f10x_gpio.o(.text) refers to stm32f10x_rcc.o(.text) for RCC_APB2PeriphResetCmd
    stm32f10x_rcc.o(.text) refers to stm32f10x_rcc.o(.data) for APBAHBPrescTable
    stm32f10x_adc.o(.text) refers to stm32f10x_rcc.o(.text) for RCC_APB2PeriphResetCmd
    stm32f10x_usart.o(.text) refers to stm32f10x_rcc.o(.text) for RCC_APB2PeriphResetCmd
    stm32f10x_tim.o(.text) refers to stm32f10x_rcc.o(.text) for RCC_APB2PeriphResetCmd
    stm32f10x_i2c.o(.text) refers to stm32f10x_rcc.o(.text) for RCC_APB1PeriphResetCmd
    entry.o(.ARM.Collect$$$$00000000) refers (Special) to entry10a.o(.ARM.Collect$$$$0000000D) for __rt_final_cpp
    entry.o(.ARM.Collect$$$$00000000) refers (Special) to entry11a.o(.ARM.Collect$$$$0000000F) for __rt_final_exit
    entry.o(.ARM.Collect$$$$00000000) refers (Special) to entry7b.o(.ARM.Collect$$$$00000008) for _main_clock
    entry.o(.ARM.Collect$$$$00000000) refers (Special) to entry8b.o(.ARM.Collect$$$$0000000A) for _main_cpp_init
    entry.o(.ARM.Collect$$$$00000000) refers (Special) to entry9a.o(.ARM.Collect$$$$0000000B) for _main_init
    entry.o(.ARM.Collect$$$$00000000) refers (Special) to entry5.o(.ARM.Collect$$$$00000004) for _main_scatterload
    entry.o(.ARM.Collect$$$$00000000) refers (Special) to entry2.o(.ARM.Collect$$$$00000001) for _main_stk
    entry2.o(.ARM.Collect$$$$00000001) refers to entry2.o(.ARM.Collect$$$$00002712) for __lit__00000000
    entry2.o(.ARM.Collect$$$$00002712) refers to startup_stm32f10x_hd.o(STACK) for __initial_sp
    entry2.o(__vectab_stack_and_reset_area) refers to startup_stm32f10x_hd.o(STACK) for __initial_sp
    entry2.o(__vectab_stack_and_reset_area) refers to entry.o(.ARM.Collect$$$$00000000) for __main
    entry5.o(.ARM.Collect$$$$00000004) refers to init.o(.text) for __scatterload
    entry9a.o(.ARM.Collect$$$$0000000B) refers to main.o(.text) for main
    entry9b.o(.ARM.Collect$$$$0000000C) refers to main.o(.text) for main
    init.o(.text) refers to entry5.o(.ARM.Collect$$$$00000004) for __main_after_scatterload


==============================================================================

Removing Unused input sections from the image.

    Removing startup_stm32f10x_hd.o(HEAP), (0 bytes).
    Removing relay.o(.text), (136 bytes).
    Removing ad_get.o(.text), (496 bytes).
    Removing ad_get.o(.constdata), (200 bytes).
    Removing show.o(.text), (328 bytes).
    Removing show.o(.data), (16 bytes).
    Removing misc.o(.text), (220 bytes).
    Removing stm32f10x_adc.o(.text), (1072 bytes).
    Removing stm32f10x_usart.o(.text), (880 bytes).
    Removing stm32f10x_tim.o(.text), (3014 bytes).
    Removing stm32f10x_exti.o(.text), (320 bytes).
    Removing stm32f10x_i2c.o(.text), (996 bytes).
    Removing stm32f10x_rtc.o(.text), (328 bytes).
    Removing stm32f10x_flash.o(.text), (1324 bytes).
    Removing core_cm3.o(.emb_text), (32 bytes).
    Removing system_stm32f10x.o(.text), (312 bytes).
    Removing system_stm32f10x.o(.constdata), (20 bytes).

17 unused section(s) (total 9694 bytes) removed from the image.

==============================================================================

Image Symbol Table

    Local Symbols

    Symbol Name                              Value     Ov Type        Size  Object(Section)

    ../clib/microlib/init/entry.s            0x00000000   Number         0  entry2.o ABSOLUTE
    ../clib/microlib/init/entry.s            0x00000000   Number         0  entry.o ABSOLUTE
    ../clib/microlib/init/entry.s            0x00000000   Number         0  entry11a.o ABSOLUTE
    ../clib/microlib/init/entry.s            0x00000000   Number         0  entry11b.o ABSOLUTE
    ../clib/microlib/init/entry.s            0x00000000   Number         0  entry10b.o ABSOLUTE
    ../clib/microlib/init/entry.s            0x00000000   Number         0  entry10a.o ABSOLUTE
    ../clib/microlib/init/entry.s            0x00000000   Number         0  entry9b.o ABSOLUTE
    ../clib/microlib/init/entry.s            0x00000000   Number         0  entry9a.o ABSOLUTE
    ../clib/microlib/init/entry.s            0x00000000   Number         0  entry8b.o ABSOLUTE
    ../clib/microlib/init/entry.s            0x00000000   Number         0  entry8a.o ABSOLUTE
    ../clib/microlib/init/entry.s            0x00000000   Number         0  entry7b.o ABSOLUTE
    ../clib/microlib/init/entry.s            0x00000000   Number         0  entry7a.o ABSOLUTE
    ../clib/microlib/init/entry.s            0x00000000   Number         0  entry5.o ABSOLUTE
    FWlib\SRC\misc.c                         0x00000000   Number         0  misc.o ABSOLUTE
    FWlib\SRC\stm32f10x_adc.c                0x00000000   Number         0  stm32f10x_adc.o ABSOLUTE
    FWlib\SRC\stm32f10x_exti.c               0x00000000   Number         0  stm32f10x_exti.o ABSOLUTE
    FWlib\SRC\stm32f10x_flash.c              0x00000000   Number         0  stm32f10x_flash.o ABSOLUTE
    FWlib\SRC\stm32f10x_gpio.c               0x00000000   Number         0  stm32f10x_gpio.o ABSOLUTE
    FWlib\SRC\stm32f10x_i2c.c                0x00000000   Number         0  stm32f10x_i2c.o ABSOLUTE
    FWlib\SRC\stm32f10x_rcc.c                0x00000000   Number         0  stm32f10x_rcc.o ABSOLUTE
    FWlib\SRC\stm32f10x_rtc.c                0x00000000   Number         0  stm32f10x_rtc.o ABSOLUTE
    FWlib\SRC\stm32f10x_tim.c                0x00000000   Number         0  stm32f10x_tim.o ABSOLUTE
    FWlib\SRC\stm32f10x_usart.c              0x00000000   Number         0  stm32f10x_usart.o ABSOLUTE
    dc.s                                     0x00000000   Number         0  dc.o ABSOLUTE
    handlers.s                               0x00000000   Number         0  handlers.o ABSOLUTE
    init.s                                   0x00000000   Number         0  init.o ABSOLUTE
    startup\startup_stm32f10x_hd.s           0x00000000   Number         0  startup_stm32f10x_hd.o ABSOLUTE
    user\\core_cm3.c                         0x00000000   Number         0  core_cm3.o ABSOLUTE
    user\\sys.c                              0x00000000   Number         0  sys.o ABSOLUTE
    user\ad_get.c                            0x00000000   Number         0  ad_get.o ABSOLUTE
    user\core_cm3.c                          0x00000000   Number         0  core_cm3.o ABSOLUTE
    user\delay.c                             0x00000000   Number         0  delay.o ABSOLUTE
    user\main.c                              0x00000000   Number         0  main.o ABSOLUTE
    user\relay.c                             0x00000000   Number         0  relay.o ABSOLUTE
    user\show.c                              0x00000000   Number         0  show.o ABSOLUTE
    user\stm32f10x_it.c                      0x00000000   Number         0  stm32f10x_it.o ABSOLUTE
    user\sys.c                               0x00000000   Number         0  sys.o ABSOLUTE
    user\system_stm32f10x.c                  0x00000000   Number         0  system_stm32f10x.o ABSOLUTE
    user\tm1638.c                            0x00000000   Number         0  tm1638.o ABSOLUTE
    RESET                                    0x08000000   Section      304  startup_stm32f10x_hd.o(RESET)
    .ARM.Collect$$$$00000000                 0x08000130   Section        0  entry.o(.ARM.Collect$$$$00000000)
    .ARM.Collect$$$$00000001                 0x08000130   Section        4  entry2.o(.ARM.Collect$$$$00000001)
    .ARM.Collect$$$$00000004                 0x08000134   Section        4  entry5.o(.ARM.Collect$$$$00000004)
    .ARM.Collect$$$$00000008                 0x08000138   Section        0  entry7b.o(.ARM.Collect$$$$00000008)
    .ARM.Collect$$$$0000000A                 0x08000138   Section        0  entry8b.o(.ARM.Collect$$$$0000000A)
    .ARM.Collect$$$$0000000B                 0x08000138   Section        8  entry9a.o(.ARM.Collect$$$$0000000B)
    .ARM.Collect$$$$0000000D                 0x08000140   Section        0  entry10a.o(.ARM.Collect$$$$0000000D)
    .ARM.Collect$$$$0000000F                 0x08000140   Section        0  entry11a.o(.ARM.Collect$$$$0000000F)
    .ARM.Collect$$$$00002712                 0x08000140   Section        4  entry2.o(.ARM.Collect$$$$00002712)
    __lit__00000000                          0x08000140   Data           4  entry2.o(.ARM.Collect$$$$00002712)
    .emb_text                                0x08000144   Section       12  sys.o(.emb_text)
    .text                                    0x08000150   Section       48  startup_stm32f10x_hd.o(.text)
    .text                                    0x08000180   Section        0  stm32f10x_it.o(.text)
    .text                                    0x0800019a   Section        0  main.o(.text)
    .text                                    0x08000224   Section        0  delay.o(.text)
    .text                                    0x080002d4   Section        0  sys.o(.text)
    .text                                    0x0800058c   Section        0  tm1638.o(.text)
    .text                                    0x0800083c   Section        0  stm32f10x_gpio.o(.text)
    .text                                    0x08000b6c   Section        0  stm32f10x_rcc.o(.text)
    .text                                    0x08000f0c   Section       36  init.o(.text)
    i.__scatterload_copy                     0x08000f30   Section       14  handlers.o(i.__scatterload_copy)
    i.__scatterload_null                     0x08000f3e   Section        2  handlers.o(i.__scatterload_null)
    i.__scatterload_zeroinit                 0x08000f40   Section       14  handlers.o(i.__scatterload_zeroinit)
    .constdata                               0x08000f4e   Section       45  tm1638.o(.constdata)
    .data                                    0x20000000   Section        4  delay.o(.data)
    fac_us                                   0x20000000   Data           1  delay.o(.data)
    fac_ms                                   0x20000002   Data           2  delay.o(.data)
    .data                                    0x20000004   Section       20  stm32f10x_rcc.o(.data)
    APBAHBPrescTable                         0x20000004   Data          16  stm32f10x_rcc.o(.data)
    ADCPrescTable                            0x20000014   Data           4  stm32f10x_rcc.o(.data)
    STACK                                    0x20000018   Section      512  startup_stm32f10x_hd.o(STACK)

    Global Symbols

    Symbol Name                              Value     Ov Type        Size  Object(Section)

    BuildAttributes$$THM_ISAv4$P$D$K$B$S$PE$A:L22UL41UL21$X:L11$S22US41US21$IEEE1$IW$USESV6$~STKCKD$USESV7$~SHL$OSPACE$EBA8$MICROLIB$REQ8$PRES8$EABIv2 0x00000000   Number         0  anon$$obj.o ABSOLUTE
    __ARM_use_no_argv                        0x00000000   Number         0  main.o ABSOLUTE
    __cpp_initialize__aeabi_                  - Undefined Weak Reference
    __cxa_finalize                            - Undefined Weak Reference
    __decompress                              - Undefined Weak Reference
    _clock_init                               - Undefined Weak Reference
    _microlib_exit                            - Undefined Weak Reference
    __Vectors_Size                           0x00000130   Number         0  startup_stm32f10x_hd.o ABSOLUTE
    __Vectors                                0x08000000   Data           4  startup_stm32f10x_hd.o(RESET)
    __Vectors_End                            0x08000130   Data           0  startup_stm32f10x_hd.o(RESET)
    __main                                   0x08000131   Thumb Code     0  entry.o(.ARM.Collect$$$$00000000)
    _main_stk                                0x08000131   Thumb Code     0  entry2.o(.ARM.Collect$$$$00000001)
    _main_scatterload                        0x08000135   Thumb Code     0  entry5.o(.ARM.Collect$$$$00000004)
    __main_after_scatterload                 0x08000139   Thumb Code     0  entry5.o(.ARM.Collect$$$$00000004)
    _main_clock                              0x08000139   Thumb Code     0  entry7b.o(.ARM.Collect$$$$00000008)
    _main_cpp_init                           0x08000139   Thumb Code     0  entry8b.o(.ARM.Collect$$$$0000000A)
    _main_init                               0x08000139   Thumb Code     0  entry9a.o(.ARM.Collect$$$$0000000B)
    __rt_final_cpp                           0x08000141   Thumb Code     0  entry10a.o(.ARM.Collect$$$$0000000D)
    __rt_final_exit                          0x08000141   Thumb Code     0  entry11a.o(.ARM.Collect$$$$0000000F)
    WFI_SET                                  0x08000145   Thumb Code     2  sys.o(.emb_text)
    INTX_DISABLE                             0x08000147   Thumb Code     2  sys.o(.emb_text)
    INTX_ENABLE                              0x08000149   Thumb Code     2  sys.o(.emb_text)
    MSR_MSP                                  0x0800014b   Thumb Code     6  sys.o(.emb_text)
    SystemInit_ExtMemCtl                     0x08000151   Thumb Code     2  startup_stm32f10x_hd.o(.text)
    Reset_Handler                            0x08000153   Thumb Code    14  startup_stm32f10x_hd.o(.text)
    ADC1_2_IRQHandler                        0x08000173   Thumb Code     0  startup_stm32f10x_hd.o(.text)
    ADC3_IRQHandler                          0x08000173   Thumb Code     0  startup_stm32f10x_hd.o(.text)
    CAN1_RX1_IRQHandler                      0x08000173   Thumb Code     0  startup_stm32f10x_hd.o(.text)
    CAN1_SCE_IRQHandler                      0x08000173   Thumb Code     0  startup_stm32f10x_hd.o(.text)
    DMA1_Channel1_IRQHandler                 0x08000173   Thumb Code     0  startup_stm32f10x_hd.o(.text)
    DMA1_Channel2_IRQHandler                 0x08000173   Thumb Code     0  startup_stm32f10x_hd.o(.text)
    DMA1_Channel3_IRQHandler                 0x08000173   Thumb Code     0  startup_stm32f10x_hd.o(.text)
    DMA1_Channel4_IRQHandler                 0x08000173   Thumb Code     0  startup_stm32f10x_hd.o(.text)
    DMA1_Channel5_IRQHandler                 0x08000173   Thumb Code     0  startup_stm32f10x_hd.o(.text)
    DMA1_Channel6_IRQHandler                 0x08000173   Thumb Code     0  startup_stm32f10x_hd.o(.text)
    DMA1_Channel7_IRQHandler                 0x08000173   Thumb Code     0  startup_stm32f10x_hd.o(.text)
    DMA2_Channel1_IRQHandler                 0x08000173   Thumb Code     0  startup_stm32f10x_hd.o(.text)
    DMA2_Channel2_IRQHandler                 0x08000173   Thumb Code     0  startup_stm32f10x_hd.o(.text)
    DMA2_Channel3_IRQHandler                 0x08000173   Thumb Code     0  startup_stm32f10x_hd.o(.text)
    DMA2_Channel4_5_IRQHandler               0x08000173   Thumb Code     0  startup_stm32f10x_hd.o(.text)
    EXTI0_IRQHandler                         0x08000173   Thumb Code     0  startup_stm32f10x_hd.o(.text)
    EXTI15_10_IRQHandler                     0x08000173   Thumb Code     0  startup_stm32f10x_hd.o(.text)
    EXTI1_IRQHandler                         0x08000173   Thumb Code     0  startup_stm32f10x_hd.o(.text)
    EXTI2_IRQHandler                         0x08000173   Thumb Code     0  startup_stm32f10x_hd.o(.text)
    EXTI3_IRQHandler                         0x08000173   Thumb Code     0  startup_stm32f10x_hd.o(.text)
    EXTI4_IRQHandler                         0x08000173   Thumb Code     0  startup_stm32f10x_hd.o(.text)
    EXTI9_5_IRQHandler                       0x08000173   Thumb Code     0  startup_stm32f10x_hd.o(.text)
    FLASH_IRQHandler                         0x08000173   Thumb Code     0  startup_stm32f10x_hd.o(.text)
    FSMC_IRQHandler                          0x08000173   Thumb Code     0  startup_stm32f10x_hd.o(.text)
    I2C1_ER_IRQHandler                       0x08000173   Thumb Code     0  startup_stm32f10x_hd.o(.text)
    I2C1_EV_IRQHandler                       0x08000173   Thumb Code     0  startup_stm32f10x_hd.o(.text)
    I2C2_ER_IRQHandler                       0x08000173   Thumb Code     0  startup_stm32f10x_hd.o(.text)
    I2C2_EV_IRQHandler                       0x08000173   Thumb Code     0  startup_stm32f10x_hd.o(.text)
    PVD_IRQHandler                           0x08000173   Thumb Code     0  startup_stm32f10x_hd.o(.text)
    RCC_IRQHandler                           0x08000173   Thumb Code     0  startup_stm32f10x_hd.o(.text)
    RTCAlarm_IRQHandler                      0x08000173   Thumb Code     0  startup_stm32f10x_hd.o(.text)
    RTC_IRQHandler                           0x08000173   Thumb Code     0  startup_stm32f10x_hd.o(.text)
    SDIO_IRQHandler                          0x08000173   Thumb Code     0  startup_stm32f10x_hd.o(.text)
    SPI1_IRQHandler                          0x08000173   Thumb Code     0  startup_stm32f10x_hd.o(.text)
    SPI2_IRQHandler                          0x08000173   Thumb Code     0  startup_stm32f10x_hd.o(.text)
    SPI3_IRQHandler                          0x08000173   Thumb Code     0  startup_stm32f10x_hd.o(.text)
    TAMPER_IRQHandler                        0x08000173   Thumb Code     0  startup_stm32f10x_hd.o(.text)
    TIM1_BRK_IRQHandler                      0x08000173   Thumb Code     0  startup_stm32f10x_hd.o(.text)
    TIM1_CC_IRQHandler                       0x08000173   Thumb Code     0  startup_stm32f10x_hd.o(.text)
    TIM1_TRG_COM_IRQHandler                  0x08000173   Thumb Code     0  startup_stm32f10x_hd.o(.text)
    TIM1_UP_IRQHandler                       0x08000173   Thumb Code     0  startup_stm32f10x_hd.o(.text)
    TIM2_IRQHandler                          0x08000173   Thumb Code     0  startup_stm32f10x_hd.o(.text)
    TIM3_IRQHandler                          0x08000173   Thumb Code     0  startup_stm32f10x_hd.o(.text)
    TIM4_IRQHandler                          0x08000173   Thumb Code     0  startup_stm32f10x_hd.o(.text)
    TIM5_IRQHandler                          0x08000173   Thumb Code     0  startup_stm32f10x_hd.o(.text)
    TIM6_IRQHandler                          0x08000173   Thumb Code     0  startup_stm32f10x_hd.o(.text)
    TIM7_IRQHandler                          0x08000173   Thumb Code     0  startup_stm32f10x_hd.o(.text)
    TIM8_BRK_IRQHandler                      0x08000173   Thumb Code     0  startup_stm32f10x_hd.o(.text)
    TIM8_CC_IRQHandler                       0x08000173   Thumb Code     0  startup_stm32f10x_hd.o(.text)
    TIM8_TRG_COM_IRQHandler                  0x08000173   Thumb Code     0  startup_stm32f10x_hd.o(.text)
    TIM8_UP_IRQHandler                       0x08000173   Thumb Code     0  startup_stm32f10x_hd.o(.text)
    UART4_IRQHandler                         0x08000173   Thumb Code     0  startup_stm32f10x_hd.o(.text)
    UART5_IRQHandler                         0x08000173   Thumb Code     0  startup_stm32f10x_hd.o(.text)
    USART1_IRQHandler                        0x08000173   Thumb Code     0  startup_stm32f10x_hd.o(.text)
    USART2_IRQHandler                        0x08000173   Thumb Code     0  startup_stm32f10x_hd.o(.text)
    USART3_IRQHandler                        0x08000173   Thumb Code     0  startup_stm32f10x_hd.o(.text)
    USBWakeUp_IRQHandler                     0x08000173   Thumb Code     0  startup_stm32f10x_hd.o(.text)
    USB_HP_CAN1_TX_IRQHandler                0x08000173   Thumb Code     0  startup_stm32f10x_hd.o(.text)
    USB_LP_CAN1_RX0_IRQHandler               0x08000173   Thumb Code     0  startup_stm32f10x_hd.o(.text)
    WWDG_IRQHandler                          0x08000173   Thumb Code     0  startup_stm32f10x_hd.o(.text)
    NMI_Handler                              0x08000181   Thumb Code     2  stm32f10x_it.o(.text)
    HardFault_Handler                        0x08000183   Thumb Code     4  stm32f10x_it.o(.text)
    MemManage_Handler                        0x08000187   Thumb Code     4  stm32f10x_it.o(.text)
    BusFault_Handler                         0x0800018b   Thumb Code     4  stm32f10x_it.o(.text)
    UsageFault_Handler                       0x0800018f   Thumb Code     4  stm32f10x_it.o(.text)
    SVC_Handler                              0x08000193   Thumb Code     2  stm32f10x_it.o(.text)
    DebugMon_Handler                         0x08000195   Thumb Code     2  stm32f10x_it.o(.text)
    PendSV_Handler                           0x08000197   Thumb Code     2  stm32f10x_it.o(.text)
    SysTick_Handler                          0x08000199   Thumb Code     2  stm32f10x_it.o(.text)
    main                                     0x0800019b   Thumb Code   138  main.o(.text)
    delay_init                               0x08000225   Thumb Code    56  delay.o(.text)
    delay_ms                                 0x0800025d   Thumb Code    56  delay.o(.text)
    delay_us                                 0x08000295   Thumb Code    56  delay.o(.text)
    MY_NVIC_SetVectorTable                   0x080002d5   Thumb Code    12  sys.o(.text)
    MY_NVIC_PriorityGroupConfig              0x080002e1   Thumb Code    36  sys.o(.text)
    MY_NVIC_Init                             0x08000305   Thumb Code   116  sys.o(.text)
    Ex_NVIC_Config                           0x08000379   Thumb Code   146  sys.o(.text)
    MYRCC_DeInit                             0x0800040b   Thumb Code    90  sys.o(.text)
    Sys_Standby                              0x08000465   Thumb Code    68  sys.o(.text)
    Sys_Soft_Reset                           0x080004a9   Thumb Code    12  sys.o(.text)
    JTAG_Set                                 0x080004b5   Thumb Code    42  sys.o(.text)
    Stm32_Clock_Init                         0x080004df   Thumb Code   130  sys.o(.text)
    TM1638_WriteData                         0x0800058d   Thumb Code   100  tm1638.o(.text)
    TM1638_WriteCmd                          0x080005f1   Thumb Code    32  tm1638.o(.text)
    TM1638_ReadData                          0x08000611   Thumb Code    86  tm1638.o(.text)
    TM1638_ReadKey                           0x08000667   Thumb Code   108  tm1638.o(.text)
    TM1638_LedDisplay                        0x080006d3   Thumb Code    70  tm1638.o(.text)
    TM1638_TubeDisplay                       0x08000719   Thumb Code   136  tm1638.o(.text)
    TM1638_SetBrightness                     0x080007a1   Thumb Code    14  tm1638.o(.text)
    TM1638_Switch                            0x080007af   Thumb Code    22  tm1638.o(.text)
    TM1638_Init                              0x080007c5   Thumb Code   102  tm1638.o(.text)
    GPIO_DeInit                              0x0800083d   Thumb Code   188  stm32f10x_gpio.o(.text)
    GPIO_AFIODeInit                          0x080008f9   Thumb Code    20  stm32f10x_gpio.o(.text)
    GPIO_Init                                0x0800090d   Thumb Code   278  stm32f10x_gpio.o(.text)
    GPIO_StructInit                          0x08000a23   Thumb Code    16  stm32f10x_gpio.o(.text)
    GPIO_ReadInputDataBit                    0x08000a33   Thumb Code    18  stm32f10x_gpio.o(.text)
    GPIO_ReadInputData                       0x08000a45   Thumb Code     8  stm32f10x_gpio.o(.text)
    GPIO_ReadOutputDataBit                   0x08000a4d   Thumb Code    18  stm32f10x_gpio.o(.text)
    GPIO_ReadOutputData                      0x08000a5f   Thumb Code     8  stm32f10x_gpio.o(.text)
    GPIO_SetBits                             0x08000a67   Thumb Code     4  stm32f10x_gpio.o(.text)
    GPIO_ResetBits                           0x08000a6b   Thumb Code     4  stm32f10x_gpio.o(.text)
    GPIO_WriteBit                            0x08000a6f   Thumb Code    10  stm32f10x_gpio.o(.text)
    GPIO_Write                               0x08000a79   Thumb Code     4  stm32f10x_gpio.o(.text)
    GPIO_PinLockConfig                       0x08000a7d   Thumb Code    18  stm32f10x_gpio.o(.text)
    GPIO_EventOutputConfig                   0x08000a8f   Thumb Code    26  stm32f10x_gpio.o(.text)
    GPIO_EventOutputCmd                      0x08000aa9   Thumb Code     6  stm32f10x_gpio.o(.text)
    GPIO_PinRemapConfig                      0x08000aaf   Thumb Code   106  stm32f10x_gpio.o(.text)
    GPIO_EXTILineConfig                      0x08000b19   Thumb Code    66  stm32f10x_gpio.o(.text)
    RCC_DeInit                               0x08000b6d   Thumb Code    62  stm32f10x_rcc.o(.text)
    RCC_HSEConfig                            0x08000bab   Thumb Code    70  stm32f10x_rcc.o(.text)
    RCC_GetFlagStatus                        0x08000bf1   Thumb Code    56  stm32f10x_rcc.o(.text)
    RCC_WaitForHSEStartUp                    0x08000c29   Thumb Code    54  stm32f10x_rcc.o(.text)
    RCC_AdjustHSICalibrationValue            0x08000c5f   Thumb Code    20  stm32f10x_rcc.o(.text)
    RCC_HSICmd                               0x08000c73   Thumb Code     6  stm32f10x_rcc.o(.text)
    RCC_PLLConfig                            0x08000c79   Thumb Code    24  stm32f10x_rcc.o(.text)
    RCC_PLLCmd                               0x08000c91   Thumb Code     6  stm32f10x_rcc.o(.text)
    RCC_SYSCLKConfig                         0x08000c97   Thumb Code    18  stm32f10x_rcc.o(.text)
    RCC_GetSYSCLKSource                      0x08000ca9   Thumb Code    10  stm32f10x_rcc.o(.text)
    RCC_HCLKConfig                           0x08000cb3   Thumb Code    18  stm32f10x_rcc.o(.text)
    RCC_PCLK1Config                          0x08000cc5   Thumb Code    18  stm32f10x_rcc.o(.text)
    RCC_PCLK2Config                          0x08000cd7   Thumb Code    20  stm32f10x_rcc.o(.text)
    RCC_ITConfig                             0x08000ceb   Thumb Code    26  stm32f10x_rcc.o(.text)
    RCC_USBCLKConfig                         0x08000d05   Thumb Code     8  stm32f10x_rcc.o(.text)
    RCC_ADCCLKConfig                         0x08000d0d   Thumb Code    18  stm32f10x_rcc.o(.text)
    RCC_LSEConfig                            0x08000d1f   Thumb Code    50  stm32f10x_rcc.o(.text)
    RCC_LSICmd                               0x08000d51   Thumb Code     6  stm32f10x_rcc.o(.text)
    RCC_RTCCLKConfig                         0x08000d57   Thumb Code    12  stm32f10x_rcc.o(.text)
    RCC_RTCCLKCmd                            0x08000d63   Thumb Code     8  stm32f10x_rcc.o(.text)
    RCC_GetClocksFreq                        0x08000d6b   Thumb Code   192  stm32f10x_rcc.o(.text)
    RCC_AHBPeriphClockCmd                    0x08000e2b   Thumb Code    26  stm32f10x_rcc.o(.text)
    RCC_APB2PeriphClockCmd                   0x08000e45   Thumb Code    26  stm32f10x_rcc.o(.text)
    RCC_APB1PeriphClockCmd                   0x08000e5f   Thumb Code    26  stm32f10x_rcc.o(.text)
    RCC_APB2PeriphResetCmd                   0x08000e79   Thumb Code    26  stm32f10x_rcc.o(.text)
    RCC_APB1PeriphResetCmd                   0x08000e93   Thumb Code    26  stm32f10x_rcc.o(.text)
    RCC_BackupResetCmd                       0x08000ead   Thumb Code     8  stm32f10x_rcc.o(.text)
    RCC_ClockSecuritySystemCmd               0x08000eb5   Thumb Code     6  stm32f10x_rcc.o(.text)
    RCC_MCOConfig                            0x08000ebb   Thumb Code     6  stm32f10x_rcc.o(.text)
    RCC_ClearFlag                            0x08000ec1   Thumb Code    14  stm32f10x_rcc.o(.text)
    RCC_GetITStatus                          0x08000ecf   Thumb Code    20  stm32f10x_rcc.o(.text)
    RCC_ClearITPendingBit                    0x08000ee3   Thumb Code     6  stm32f10x_rcc.o(.text)
    __scatterload                            0x08000f0d   Thumb Code    28  init.o(.text)
    __scatterload_rt2                        0x08000f0d   Thumb Code     0  init.o(.text)
    __scatterload_copy                       0x08000f31   Thumb Code    14  handlers.o(i.__scatterload_copy)
    __scatterload_null                       0x08000f3f   Thumb Code     2  handlers.o(i.__scatterload_null)
    __scatterload_zeroinit                   0x08000f41   Thumb Code    14  handlers.o(i.__scatterload_zeroinit)
    TM1638_TubeNumTab                        0x08000f4e   Data          29  tm1638.o(.constdata)
    TM1638_TubeAddrTab                       0x08000f6b   Data           8  tm1638.o(.constdata)
    TM1638_LedAddrTab                        0x08000f73   Data           8  tm1638.o(.constdata)
    Region$$Table$$Base                      0x08000f7c   Number         0  anon$$obj.o(Region$$Table)
    Region$$Table$$Limit                     0x08000f9c   Number         0  anon$$obj.o(Region$$Table)
    __initial_sp                             0x20000218   Data           0  startup_stm32f10x_hd.o(STACK)



==============================================================================

Memory Map of the image

  Image Entry point : 0x08000131

  Load Region LR_IROM1 (Base: 0x08000000, Size: 0x00000fb4, Max: 0x00040000, ABSOLUTE)

    Execution Region ER_IROM1 (Exec base: 0x08000000, Load base: 0x08000000, Size: 0x00000f9c, Max: 0x00040000, ABSOLUTE)

    Exec Addr    Load Addr    Size         Type   Attr      Idx    E Section Name        Object

    0x08000000   0x08000000   0x00000130   Data   RO            3    RESET               startup_stm32f10x_hd.o
    0x08000130   0x08000130   0x00000000   Code   RO          363  * .ARM.Collect$$$$00000000  mc_w.l(entry.o)
    0x08000130   0x08000130   0x00000004   Code   RO          366    .ARM.Collect$$$$00000001  mc_w.l(entry2.o)
    0x08000134   0x08000134   0x00000004   Code   RO          369    .ARM.Collect$$$$00000004  mc_w.l(entry5.o)
    0x08000138   0x08000138   0x00000000   Code   RO          371    .ARM.Collect$$$$00000008  mc_w.l(entry7b.o)
    0x08000138   0x08000138   0x00000000   Code   RO          373    .ARM.Collect$$$$0000000A  mc_w.l(entry8b.o)
    0x08000138   0x08000138   0x00000008   Code   RO          374    .ARM.Collect$$$$0000000B  mc_w.l(entry9a.o)
    0x08000140   0x08000140   0x00000000   Code   RO          376    .ARM.Collect$$$$0000000D  mc_w.l(entry10a.o)
    0x08000140   0x08000140   0x00000000   Code   RO          378    .ARM.Collect$$$$0000000F  mc_w.l(entry11a.o)
    0x08000140   0x08000140   0x00000004   Code   RO          367    .ARM.Collect$$$$00002712  mc_w.l(entry2.o)
    0x08000144   0x08000144   0x0000000c   Code   RO          125    .emb_text           sys.o
    0x08000150   0x08000150   0x00000030   Code   RO            4    .text               startup_stm32f10x_hd.o
    0x08000180   0x08000180   0x0000001a   Code   RO           10    .text               stm32f10x_it.o
    0x0800019a   0x0800019a   0x0000008a   Code   RO           72    .text               main.o
    0x08000224   0x08000224   0x000000b0   Code   RO           96    .text               delay.o
    0x080002d4   0x080002d4   0x000002b8   Code   RO          126    .text               sys.o
    0x0800058c   0x0800058c   0x000002b0   Code   RO          198    .text               tm1638.o
    0x0800083c   0x0800083c   0x00000330   Code   RO          213    .text               stm32f10x_gpio.o
    0x08000b6c   0x08000b6c   0x000003a0   Code   RO          237    .text               stm32f10x_rcc.o
    0x08000f0c   0x08000f0c   0x00000024   Code   RO          380    .text               mc_w.l(init.o)
    0x08000f30   0x08000f30   0x0000000e   Code   RO          384    i.__scatterload_copy  mc_w.l(handlers.o)
    0x08000f3e   0x08000f3e   0x00000002   Code   RO          385    i.__scatterload_null  mc_w.l(handlers.o)
    0x08000f40   0x08000f40   0x0000000e   Code   RO          386    i.__scatterload_zeroinit  mc_w.l(handlers.o)
    0x08000f4e   0x08000f4e   0x0000002d   Data   RO          199    .constdata          tm1638.o
    0x08000f7b   0x08000f7b   0x00000001   PAD
    0x08000f7c   0x08000f7c   0x00000020   Data   RO          382    Region$$Table       anon$$obj.o


    Execution Region RW_IRAM1 (Exec base: 0x20000000, Load base: 0x08000f9c, Size: 0x00000218, Max: 0x0000c000, ABSOLUTE)

    Exec Addr    Load Addr    Size         Type   Attr      Idx    E Section Name        Object

    0x20000000   0x08000f9c   0x00000004   Data   RW           97    .data               delay.o
    0x20000004   0x08000fa0   0x00000014   Data   RW          238    .data               stm32f10x_rcc.o
    0x20000018        -       0x00000200   Zero   RW            1    STACK               startup_stm32f10x_hd.o


==============================================================================

Image component sizes


      Code (inc. data)   RO Data    RW Data    ZI Data      Debug   Object Name

       176          8          0          4          0        955   delay.o
       138          0          0          0          0       1871   main.o
        48         12        304          0        512        852   startup_stm32f10x_hd.o
       816         18          0          0          0       5139   stm32f10x_gpio.o
        26          0          0          0          0     218770   stm32f10x_it.o
       928         36          0         20          0       8764   stm32f10x_rcc.o
       708         44          0          0          0     200847   sys.o
       688         18         45          0          0       2975   tm1638.o

    ----------------------------------------------------------------------
      3528        136        382         24        512     440173   Object Totals
         0          0         32          0          0          0   (incl. Generated)
         0          0          1          0          0          0   (incl. Padding)

    ----------------------------------------------------------------------

      Code (inc. data)   RO Data    RW Data    ZI Data      Debug   Library Member Name

         0          0          0          0          0          0   entry.o
         0          0          0          0          0          0   entry10a.o
         0          0          0          0          0          0   entry11a.o
         8          4          0          0          0          0   entry2.o
         4          0          0          0          0          0   entry5.o
         0          0          0          0          0          0   entry7b.o
         0          0          0          0          0          0   entry8b.o
         8          4          0          0          0          0   entry9a.o
        30          0          0          0          0          0   handlers.o
        36          8          0          0          0         68   init.o

    ----------------------------------------------------------------------
        86         16          0          0          0         68   Library Totals
         0          0          0          0          0          0   (incl. Padding)

    ----------------------------------------------------------------------

      Code (inc. data)   RO Data    RW Data    ZI Data      Debug   Library Name

        86         16          0          0          0         68   mc_w.l

    ----------------------------------------------------------------------
        86         16          0          0          0         68   Library Totals

    ----------------------------------------------------------------------

==============================================================================


      Code (inc. data)   RO Data    RW Data    ZI Data      Debug   

      3614        152        382         24        512     439925   Grand Totals
      3614        152        382         24        512     439925   ELF Image Totals
      3614        152        382         24          0          0   ROM Totals

==============================================================================

    Total RO  Size (Code + RO Data)                 3996 (   3.90kB)
    Total RW  Size (RW Data + ZI Data)               536 (   0.52kB)
    Total ROM Size (Code + RO Data + RW Data)       4020 (   3.93kB)

==============================================================================

