Component: ARM Compiler 5.06 update 4 (build 422) Tool: armlink [4d35d2]

==============================================================================

Section Cross References

    startup_stm32f10x_hd.o(RESET) refers to startup_stm32f10x_hd.o(.text) for Reset_Handler
    startup_stm32f10x_hd.o(RESET) refers to stm32f10x_it.o(.text) for NMI_Handler
    startup_stm32f10x_hd.o(RESET) refers to main.o(.text) for TIM3_IRQHandler
    startup_stm32f10x_hd.o(RESET) refers to usart.o(.text) for USART1_IRQHandler
    startup_stm32f10x_hd.o(.text) refers to startup_stm32f10x_hd.o(STACK) for __initial_sp
    startup_stm32f10x_hd.o(.text) refers to entry.o(.ARM.Collect$$$$00000000) for __main
    main.o(.text) refers to stm32f10x_rcc.o(.text) for RCC_APB1PeriphClockCmd
    main.o(.text) refers to stm32f10x_tim.o(.text) for TIM_TimeBaseInit
    main.o(.text) refers to misc.o(.text) for NVIC_Init
    main.o(.text) refers to delay.o(.text) for delay_ms
    main.o(.text) refers to hx711.o(.text) for HX711_Read
    main.o(.text) refers to ffltui.o(.text) for __aeabi_ui2f
    main.o(.text) refers to fflti.o(.text) for __aeabi_i2f
    main.o(.text) refers to fdiv.o(.text) for __aeabi_fdiv
    main.o(.text) refers to ffixui.o(.text) for __aeabi_f2uiz
    main.o(.text) refers to main.o(.bss) for Params
    main.o(.text) refers to modbus.o(.bss) for HoldDataReg
    main.o(.text) refers to flash_eeprom.o(.text) for MemWriteByte
    main.o(.text) refers to sys.o(.text) for Stm32_Clock_Init
    main.o(.text) refers to relay.o(.text) for Relay_Gpio_Init
    main.o(.text) refers to tempture.o(.text) for Temp_Adc_Init
    main.o(.text) refers to modbus.o(.text) for Modbus_Init
    main.o(.text) refers to usart.o(.data) for USART_RX_STA
    delay.o(.text) refers to delay.o(.data) for fac_us
    usart.o(.text) refers to stm32f10x_rcc.o(.text) for RCC_APB2PeriphClockCmd
    usart.o(.text) refers to stm32f10x_gpio.o(.text) for GPIO_Init
    usart.o(.text) refers to misc.o(.text) for NVIC_Init
    usart.o(.text) refers to stm32f10x_usart.o(.text) for USART_Init
    usart.o(.text) refers to usart.o(.bss) for USART_RX_BUF
    usart.o(.text) refers to usart.o(.data) for USART_RX_STA
    relay.o(.text) refers to stm32f10x_rcc.o(.text) for RCC_APB2PeriphClockCmd
    relay.o(.text) refers to stm32f10x_gpio.o(.text) for GPIO_PinRemapConfig
    24cxx.o(.text) refers to myiic.o(.text) for IIC_Init
    24cxx.o(.text) refers to delay.o(.text) for delay_ms
    myiic.o(.text) refers to stm32f10x_rcc.o(.text) for RCC_APB2PeriphClockCmd
    myiic.o(.text) refers to stm32f10x_gpio.o(.text) for GPIO_Init
    myiic.o(.text) refers to delay.o(.text) for delay_us
    sys.o(.text) refers to sys.o(.emb_text) for WFI_SET
    flash_eeprom.o(.text) refers to stm32f10x_flash.o(.text) for FLASH_Unlock
    modbus.o(.text) refers to usart.o(.text) for uart_init
    modbus.o(.text) refers to modbus.o(.constdata) for auchCRCHi
    modbus.o(.text) refers to modbus.o(.bss) for HoldDataReg
    modbus.o(.text) refers to usart.o(.bss) for USART_RX_BUF
    modbus.o(.text) refers to usart.o(.data) for USART_RX_STA
    hx711.o(.text) refers to stm32f10x_rcc.o(.text) for RCC_APB2PeriphClockCmd
    hx711.o(.text) refers to delay.o(.text) for delay_us
    tempture.o(.text) refers to stm32f10x_rcc.o(.text) for RCC_APB2PeriphClockCmd
    tempture.o(.text) refers to stm32f10x_gpio.o(.text) for GPIO_Init
    tempture.o(.text) refers to stm32f10x_adc.o(.text) for ADC_DeInit
    tempture.o(.text) refers to delay.o(.text) for delay_ms
    tempture.o(.text) refers to tempture.o(.constdata) for temp_adv
    stm32f10x_gpio.o(.text) refers to stm32f10x_rcc.o(.text) for RCC_APB2PeriphResetCmd
    stm32f10x_rcc.o(.text) refers to stm32f10x_rcc.o(.data) for APBAHBPrescTable
    stm32f10x_adc.o(.text) refers to stm32f10x_rcc.o(.text) for RCC_APB2PeriphResetCmd
    stm32f10x_usart.o(.text) refers to stm32f10x_rcc.o(.text) for RCC_APB2PeriphResetCmd
    stm32f10x_tim.o(.text) refers to stm32f10x_rcc.o(.text) for RCC_APB2PeriphResetCmd
    stm32f10x_i2c.o(.text) refers to stm32f10x_rcc.o(.text) for RCC_APB1PeriphResetCmd
    entry.o(.ARM.Collect$$$$00000000) refers (Special) to entry10a.o(.ARM.Collect$$$$0000000D) for __rt_final_cpp
    entry.o(.ARM.Collect$$$$00000000) refers (Special) to entry11a.o(.ARM.Collect$$$$0000000F) for __rt_final_exit
    entry.o(.ARM.Collect$$$$00000000) refers (Special) to entry7b.o(.ARM.Collect$$$$00000008) for _main_clock
    entry.o(.ARM.Collect$$$$00000000) refers (Special) to entry8b.o(.ARM.Collect$$$$0000000A) for _main_cpp_init
    entry.o(.ARM.Collect$$$$00000000) refers (Special) to entry9a.o(.ARM.Collect$$$$0000000B) for _main_init
    entry.o(.ARM.Collect$$$$00000000) refers (Special) to entry5.o(.ARM.Collect$$$$00000004) for _main_scatterload
    entry.o(.ARM.Collect$$$$00000000) refers (Special) to entry2.o(.ARM.Collect$$$$00000001) for _main_stk
    fdiv.o(.text) refers (Special) to iusefp.o(.text) for __I$use$fp
    fdiv.o(.text) refers to fepilogue.o(.text) for _float_round
    fflti.o(.text) refers (Special) to iusefp.o(.text) for __I$use$fp
    fflti.o(.text) refers to fepilogue.o(.text) for _float_epilogue
    ffltui.o(.text) refers (Special) to iusefp.o(.text) for __I$use$fp
    ffltui.o(.text) refers to fepilogue.o(.text) for _float_epilogue
    ffixui.o(.text) refers (Special) to iusefp.o(.text) for __I$use$fp
    entry2.o(.ARM.Collect$$$$00000001) refers to entry2.o(.ARM.Collect$$$$00002712) for __lit__00000000
    entry2.o(.ARM.Collect$$$$00002712) refers to startup_stm32f10x_hd.o(STACK) for __initial_sp
    entry2.o(__vectab_stack_and_reset_area) refers to startup_stm32f10x_hd.o(STACK) for __initial_sp
    entry2.o(__vectab_stack_and_reset_area) refers to entry.o(.ARM.Collect$$$$00000000) for __main
    entry5.o(.ARM.Collect$$$$00000004) refers to init.o(.text) for __scatterload
    entry9a.o(.ARM.Collect$$$$0000000B) refers to main.o(.text) for main
    entry9b.o(.ARM.Collect$$$$0000000C) refers to main.o(.text) for main
    init.o(.text) refers to entry5.o(.ARM.Collect$$$$00000004) for __main_after_scatterload


==============================================================================

Removing Unused input sections from the image.

    Removing startup_stm32f10x_hd.o(HEAP), (0 bytes).
    Removing 24cxx.o(.text), (378 bytes).
    Removing myiic.o(.text), (600 bytes).
    Removing stm32f10x_exti.o(.text), (320 bytes).
    Removing stm32f10x_i2c.o(.text), (996 bytes).
    Removing stm32f10x_rtc.o(.text), (328 bytes).
    Removing core_cm3.o(.emb_text), (32 bytes).
    Removing system_stm32f10x.o(.text), (312 bytes).
    Removing system_stm32f10x.o(.constdata), (20 bytes).

9 unused section(s) (total 2986 bytes) removed from the image.

==============================================================================

Image Symbol Table

    Local Symbols

    Symbol Name                              Value     Ov Type        Size  Object(Section)

    ../clib/microlib/init/entry.s            0x00000000   Number         0  entry11b.o ABSOLUTE
    ../clib/microlib/init/entry.s            0x00000000   Number         0  entry11a.o ABSOLUTE
    ../clib/microlib/init/entry.s            0x00000000   Number         0  entry10b.o ABSOLUTE
    ../clib/microlib/init/entry.s            0x00000000   Number         0  entry10a.o ABSOLUTE
    ../clib/microlib/init/entry.s            0x00000000   Number         0  entry9a.o ABSOLUTE
    ../clib/microlib/init/entry.s            0x00000000   Number         0  entry8b.o ABSOLUTE
    ../clib/microlib/init/entry.s            0x00000000   Number         0  entry8a.o ABSOLUTE
    ../clib/microlib/init/entry.s            0x00000000   Number         0  entry7b.o ABSOLUTE
    ../clib/microlib/init/entry.s            0x00000000   Number         0  entry7a.o ABSOLUTE
    ../clib/microlib/init/entry.s            0x00000000   Number         0  entry5.o ABSOLUTE
    ../clib/microlib/init/entry.s            0x00000000   Number         0  entry2.o ABSOLUTE
    ../clib/microlib/init/entry.s            0x00000000   Number         0  entry9b.o ABSOLUTE
    ../clib/microlib/init/entry.s            0x00000000   Number         0  entry.o ABSOLUTE
    ../clib/microlib/stubs.s                 0x00000000   Number         0  iusefp.o ABSOLUTE
    ../clib/microlib/stubs.s                 0x00000000   Number         0  useno.o ABSOLUTE
    ../fplib/microlib/fpdiv.c                0x00000000   Number         0  fdiv.o ABSOLUTE
    ../fplib/microlib/fpepilogue.c           0x00000000   Number         0  fepilogue.o ABSOLUTE
    ../fplib/microlib/fpfix.c                0x00000000   Number         0  ffixui.o ABSOLUTE
    ../fplib/microlib/fpflt.c                0x00000000   Number         0  fflti.o ABSOLUTE
    ../fplib/microlib/fpflt.c                0x00000000   Number         0  ffltui.o ABSOLUTE
    FWlib\SRC\misc.c                         0x00000000   Number         0  misc.o ABSOLUTE
    FWlib\SRC\stm32f10x_adc.c                0x00000000   Number         0  stm32f10x_adc.o ABSOLUTE
    FWlib\SRC\stm32f10x_exti.c               0x00000000   Number         0  stm32f10x_exti.o ABSOLUTE
    FWlib\SRC\stm32f10x_flash.c              0x00000000   Number         0  stm32f10x_flash.o ABSOLUTE
    FWlib\SRC\stm32f10x_gpio.c               0x00000000   Number         0  stm32f10x_gpio.o ABSOLUTE
    FWlib\SRC\stm32f10x_i2c.c                0x00000000   Number         0  stm32f10x_i2c.o ABSOLUTE
    FWlib\SRC\stm32f10x_rcc.c                0x00000000   Number         0  stm32f10x_rcc.o ABSOLUTE
    FWlib\SRC\stm32f10x_rtc.c                0x00000000   Number         0  stm32f10x_rtc.o ABSOLUTE
    FWlib\SRC\stm32f10x_tim.c                0x00000000   Number         0  stm32f10x_tim.o ABSOLUTE
    FWlib\SRC\stm32f10x_usart.c              0x00000000   Number         0  stm32f10x_usart.o ABSOLUTE
    dc.s                                     0x00000000   Number         0  dc.o ABSOLUTE
    handlers.s                               0x00000000   Number         0  handlers.o ABSOLUTE
    init.s                                   0x00000000   Number         0  init.o ABSOLUTE
    startup\startup_stm32f10x_hd.s           0x00000000   Number         0  startup_stm32f10x_hd.o ABSOLUTE
    user\24cxx.c                             0x00000000   Number         0  24cxx.o ABSOLUTE
    user\HX711.c                             0x00000000   Number         0  hx711.o ABSOLUTE
    user\\core_cm3.c                         0x00000000   Number         0  core_cm3.o ABSOLUTE
    user\\sys.c                              0x00000000   Number         0  sys.o ABSOLUTE
    user\core_cm3.c                          0x00000000   Number         0  core_cm3.o ABSOLUTE
    user\delay.c                             0x00000000   Number         0  delay.o ABSOLUTE
    user\flash_eeprom.c                      0x00000000   Number         0  flash_eeprom.o ABSOLUTE
    user\main.c                              0x00000000   Number         0  main.o ABSOLUTE
    user\modbus.c                            0x00000000   Number         0  modbus.o ABSOLUTE
    user\myiic.c                             0x00000000   Number         0  myiic.o ABSOLUTE
    user\relay.c                             0x00000000   Number         0  relay.o ABSOLUTE
    user\stm32f10x_it.c                      0x00000000   Number         0  stm32f10x_it.o ABSOLUTE
    user\sys.c                               0x00000000   Number         0  sys.o ABSOLUTE
    user\system_stm32f10x.c                  0x00000000   Number         0  system_stm32f10x.o ABSOLUTE
    user\tempture.c                          0x00000000   Number         0  tempture.o ABSOLUTE
    user\usart.c                             0x00000000   Number         0  usart.o ABSOLUTE
    RESET                                    0x08000000   Section      304  startup_stm32f10x_hd.o(RESET)
    .ARM.Collect$$$$00000000                 0x08000130   Section        0  entry.o(.ARM.Collect$$$$00000000)
    .ARM.Collect$$$$00000001                 0x08000130   Section        4  entry2.o(.ARM.Collect$$$$00000001)
    .ARM.Collect$$$$00000004                 0x08000134   Section        4  entry5.o(.ARM.Collect$$$$00000004)
    .ARM.Collect$$$$00000008                 0x08000138   Section        0  entry7b.o(.ARM.Collect$$$$00000008)
    .ARM.Collect$$$$0000000A                 0x08000138   Section        0  entry8b.o(.ARM.Collect$$$$0000000A)
    .ARM.Collect$$$$0000000B                 0x08000138   Section        8  entry9a.o(.ARM.Collect$$$$0000000B)
    .ARM.Collect$$$$0000000D                 0x08000140   Section        0  entry10a.o(.ARM.Collect$$$$0000000D)
    .ARM.Collect$$$$0000000F                 0x08000140   Section        0  entry11a.o(.ARM.Collect$$$$0000000F)
    .ARM.Collect$$$$00002712                 0x08000140   Section        4  entry2.o(.ARM.Collect$$$$00002712)
    __lit__00000000                          0x08000140   Data           4  entry2.o(.ARM.Collect$$$$00002712)
    .emb_text                                0x08000144   Section       12  sys.o(.emb_text)
    .text                                    0x08000150   Section       48  startup_stm32f10x_hd.o(.text)
    .text                                    0x08000180   Section        0  stm32f10x_it.o(.text)
    .text                                    0x0800019c   Section        0  main.o(.text)
    Clean_Work                               0x0800020d   Thumb Code   312  main.o(.text)
    Get_Weight                               0x08000345   Thumb Code   126  main.o(.text)
    Get_Maopi                                0x080003c3   Thumb Code    30  main.o(.text)
    Get_Milk_Work                            0x080003e1   Thumb Code   600  main.o(.text)
    Get_Milk_Work_Alone                      0x08000639   Thumb Code   512  main.o(.text)
    work_Params_Init                         0x08000839   Thumb Code    42  main.o(.text)
    Hold_Data_Init                           0x08000863   Thumb Code    94  main.o(.text)
    Get_Milk_Init                            0x080008c1   Thumb Code   280  main.o(.text)
    Params_Save                              0x080009d9   Thumb Code    40  main.o(.text)
    Params_Init                              0x08000a01   Thumb Code   142  main.o(.text)
    .text                                    0x08000df4   Section        0  delay.o(.text)
    .text                                    0x08000ea4   Section        0  usart.o(.text)
    .text                                    0x08000fd4   Section        0  relay.o(.text)
    .text                                    0x08001054   Section        0  sys.o(.text)
    .text                                    0x08001310   Section        0  flash_eeprom.o(.text)
    .text                                    0x08001388   Section        0  modbus.o(.text)
    CRC16                                    0x08001395   Thumb Code    48  modbus.o(.text)
    Set_HoldReg_Val                          0x080013c5   Thumb Code    12  modbus.o(.text)
    Verify_CRC16                             0x080013d1   Thumb Code    46  modbus.o(.text)
    Set_Mult_HoldReg_Val                     0x080013ff   Thumb Code   184  modbus.o(.text)
    Set_Single_HoldReg_Val                   0x080014b7   Thumb Code   138  modbus.o(.text)
    Get_HoldReg_Val                          0x08001541   Thumb Code    18  modbus.o(.text)
    Read_HoldReg_Val                         0x08001553   Thumb Code   198  modbus.o(.text)
    .text                                    0x08001684   Section        0  hx711.o(.text)
    HX711_DATA_Read                          0x080016a7   Thumb Code     8  hx711.o(.text)
    .text                                    0x0800171c   Section        0  tempture.o(.text)
    .text                                    0x0800184c   Section        0  stm32f10x_gpio.o(.text)
    .text                                    0x08001b7c   Section        0  misc.o(.text)
    .text                                    0x08001c58   Section        0  stm32f10x_rcc.o(.text)
    .text                                    0x08001ff8   Section        0  stm32f10x_adc.o(.text)
    .text                                    0x08002428   Section        0  stm32f10x_usart.o(.text)
    .text                                    0x08002798   Section        0  stm32f10x_tim.o(.text)
    TI4_Config                               0x08002ab7   Thumb Code    82  stm32f10x_tim.o(.text)
    TI3_Config                               0x08002b1b   Thumb Code    72  stm32f10x_tim.o(.text)
    TI2_Config                               0x08002b8d   Thumb Code    80  stm32f10x_tim.o(.text)
    TI1_Config                               0x08002bef   Thumb Code    56  stm32f10x_tim.o(.text)
    .text                                    0x08003360   Section        0  stm32f10x_flash.o(.text)
    delay                                    0x080033e9   Thumb Code    26  stm32f10x_flash.o(.text)
    .text                                    0x0800388c   Section        0  fdiv.o(.text)
    .text                                    0x08003908   Section        0  fflti.o(.text)
    .text                                    0x0800391a   Section        0  ffltui.o(.text)
    .text                                    0x08003924   Section        0  ffixui.o(.text)
    .text                                    0x0800394c   Section        0  iusefp.o(.text)
    .text                                    0x0800394c   Section        0  fepilogue.o(.text)
    .text                                    0x080039bc   Section       36  init.o(.text)
    i.__scatterload_copy                     0x080039e0   Section       14  handlers.o(i.__scatterload_copy)
    i.__scatterload_null                     0x080039ee   Section        2  handlers.o(i.__scatterload_null)
    i.__scatterload_zeroinit                 0x080039f0   Section       14  handlers.o(i.__scatterload_zeroinit)
    .constdata                               0x080039fe   Section      512  modbus.o(.constdata)
    .constdata                               0x08003bfe   Section      100  tempture.o(.constdata)
    .data                                    0x20000000   Section        4  delay.o(.data)
    fac_us                                   0x20000000   Data           1  delay.o(.data)
    fac_ms                                   0x20000002   Data           2  delay.o(.data)
    .data                                    0x20000004   Section        6  usart.o(.data)
    .data                                    0x2000000a   Section       20  stm32f10x_rcc.o(.data)
    APBAHBPrescTable                         0x2000000a   Data          16  stm32f10x_rcc.o(.data)
    ADCPrescTable                            0x2000001a   Data           4  stm32f10x_rcc.o(.data)
    .bss                                     0x20000020   Section       58  main.o(.bss)
    Params                                   0x20000020   Data          32  main.o(.bss)
    CFG_PARAMS                               0x20000040   Data          26  main.o(.bss)
    .bss                                     0x2000005a   Section      200  usart.o(.bss)
    .bss                                     0x20000122   Section       70  modbus.o(.bss)
    STACK                                    0x20000168   Section      512  startup_stm32f10x_hd.o(STACK)

    Global Symbols

    Symbol Name                              Value     Ov Type        Size  Object(Section)

    BuildAttributes$$THM_ISAv4$P$D$K$B$S$PE$A:L22UL41UL21$X:L11$S22US41US21$IEEE1$IW$USESV6$~STKCKD$USESV7$~SHL$OTIME$ROPI$EBA8$MICROLIB$REQ8$PRES8$EABIv2 0x00000000   Number         0  anon$$obj.o ABSOLUTE
    __ARM_use_no_argv                        0x00000000   Number         0  main.o ABSOLUTE
    __use_no_errno                           0x00000000   Number         0  useno.o ABSOLUTE
    __use_no_exception_handling              0x00000000   Number         0  useno.o ABSOLUTE
    __use_no_fp                              0x00000000   Number         0  useno.o ABSOLUTE
    __use_no_heap                            0x00000000   Number         0  useno.o ABSOLUTE
    __use_no_heap_region                     0x00000000   Number         0  useno.o ABSOLUTE
    __use_no_semihosting                     0x00000000   Number         0  useno.o ABSOLUTE
    __use_no_semihosting_swi                 0x00000000   Number         0  useno.o ABSOLUTE
    __use_no_signal_handling                 0x00000000   Number         0  useno.o ABSOLUTE
    __cpp_initialize__aeabi_                  - Undefined Weak Reference
    __cxa_finalize                            - Undefined Weak Reference
    __decompress                              - Undefined Weak Reference
    _clock_init                               - Undefined Weak Reference
    _microlib_exit                            - Undefined Weak Reference
    __Vectors_Size                           0x00000130   Number         0  startup_stm32f10x_hd.o ABSOLUTE
    __Vectors                                0x08000000   Data           4  startup_stm32f10x_hd.o(RESET)
    __Vectors_End                            0x08000130   Data           0  startup_stm32f10x_hd.o(RESET)
    __main                                   0x08000131   Thumb Code     0  entry.o(.ARM.Collect$$$$00000000)
    _main_stk                                0x08000131   Thumb Code     0  entry2.o(.ARM.Collect$$$$00000001)
    _main_scatterload                        0x08000135   Thumb Code     0  entry5.o(.ARM.Collect$$$$00000004)
    __main_after_scatterload                 0x08000139   Thumb Code     0  entry5.o(.ARM.Collect$$$$00000004)
    _main_clock                              0x08000139   Thumb Code     0  entry7b.o(.ARM.Collect$$$$00000008)
    _main_cpp_init                           0x08000139   Thumb Code     0  entry8b.o(.ARM.Collect$$$$0000000A)
    _main_init                               0x08000139   Thumb Code     0  entry9a.o(.ARM.Collect$$$$0000000B)
    __rt_final_cpp                           0x08000141   Thumb Code     0  entry10a.o(.ARM.Collect$$$$0000000D)
    __rt_final_exit                          0x08000141   Thumb Code     0  entry11a.o(.ARM.Collect$$$$0000000F)
    WFI_SET                                  0x08000145   Thumb Code     2  sys.o(.emb_text)
    INTX_DISABLE                             0x08000147   Thumb Code     2  sys.o(.emb_text)
    INTX_ENABLE                              0x08000149   Thumb Code     2  sys.o(.emb_text)
    MSR_MSP                                  0x0800014b   Thumb Code     6  sys.o(.emb_text)
    SystemInit_ExtMemCtl                     0x08000151   Thumb Code     2  startup_stm32f10x_hd.o(.text)
    Reset_Handler                            0x08000153   Thumb Code    14  startup_stm32f10x_hd.o(.text)
    ADC1_2_IRQHandler                        0x08000173   Thumb Code     0  startup_stm32f10x_hd.o(.text)
    ADC3_IRQHandler                          0x08000173   Thumb Code     0  startup_stm32f10x_hd.o(.text)
    CAN1_RX1_IRQHandler                      0x08000173   Thumb Code     0  startup_stm32f10x_hd.o(.text)
    CAN1_SCE_IRQHandler                      0x08000173   Thumb Code     0  startup_stm32f10x_hd.o(.text)
    DMA1_Channel1_IRQHandler                 0x08000173   Thumb Code     0  startup_stm32f10x_hd.o(.text)
    DMA1_Channel2_IRQHandler                 0x08000173   Thumb Code     0  startup_stm32f10x_hd.o(.text)
    DMA1_Channel3_IRQHandler                 0x08000173   Thumb Code     0  startup_stm32f10x_hd.o(.text)
    DMA1_Channel4_IRQHandler                 0x08000173   Thumb Code     0  startup_stm32f10x_hd.o(.text)
    DMA1_Channel5_IRQHandler                 0x08000173   Thumb Code     0  startup_stm32f10x_hd.o(.text)
    DMA1_Channel6_IRQHandler                 0x08000173   Thumb Code     0  startup_stm32f10x_hd.o(.text)
    DMA1_Channel7_IRQHandler                 0x08000173   Thumb Code     0  startup_stm32f10x_hd.o(.text)
    DMA2_Channel1_IRQHandler                 0x08000173   Thumb Code     0  startup_stm32f10x_hd.o(.text)
    DMA2_Channel2_IRQHandler                 0x08000173   Thumb Code     0  startup_stm32f10x_hd.o(.text)
    DMA2_Channel3_IRQHandler                 0x08000173   Thumb Code     0  startup_stm32f10x_hd.o(.text)
    DMA2_Channel4_5_IRQHandler               0x08000173   Thumb Code     0  startup_stm32f10x_hd.o(.text)
    EXTI0_IRQHandler                         0x08000173   Thumb Code     0  startup_stm32f10x_hd.o(.text)
    EXTI15_10_IRQHandler                     0x08000173   Thumb Code     0  startup_stm32f10x_hd.o(.text)
    EXTI1_IRQHandler                         0x08000173   Thumb Code     0  startup_stm32f10x_hd.o(.text)
    EXTI2_IRQHandler                         0x08000173   Thumb Code     0  startup_stm32f10x_hd.o(.text)
    EXTI3_IRQHandler                         0x08000173   Thumb Code     0  startup_stm32f10x_hd.o(.text)
    EXTI4_IRQHandler                         0x08000173   Thumb Code     0  startup_stm32f10x_hd.o(.text)
    EXTI9_5_IRQHandler                       0x08000173   Thumb Code     0  startup_stm32f10x_hd.o(.text)
    FLASH_IRQHandler                         0x08000173   Thumb Code     0  startup_stm32f10x_hd.o(.text)
    FSMC_IRQHandler                          0x08000173   Thumb Code     0  startup_stm32f10x_hd.o(.text)
    I2C1_ER_IRQHandler                       0x08000173   Thumb Code     0  startup_stm32f10x_hd.o(.text)
    I2C1_EV_IRQHandler                       0x08000173   Thumb Code     0  startup_stm32f10x_hd.o(.text)
    I2C2_ER_IRQHandler                       0x08000173   Thumb Code     0  startup_stm32f10x_hd.o(.text)
    I2C2_EV_IRQHandler                       0x08000173   Thumb Code     0  startup_stm32f10x_hd.o(.text)
    PVD_IRQHandler                           0x08000173   Thumb Code     0  startup_stm32f10x_hd.o(.text)
    RCC_IRQHandler                           0x08000173   Thumb Code     0  startup_stm32f10x_hd.o(.text)
    RTCAlarm_IRQHandler                      0x08000173   Thumb Code     0  startup_stm32f10x_hd.o(.text)
    RTC_IRQHandler                           0x08000173   Thumb Code     0  startup_stm32f10x_hd.o(.text)
    SDIO_IRQHandler                          0x08000173   Thumb Code     0  startup_stm32f10x_hd.o(.text)
    SPI1_IRQHandler                          0x08000173   Thumb Code     0  startup_stm32f10x_hd.o(.text)
    SPI2_IRQHandler                          0x08000173   Thumb Code     0  startup_stm32f10x_hd.o(.text)
    SPI3_IRQHandler                          0x08000173   Thumb Code     0  startup_stm32f10x_hd.o(.text)
    TAMPER_IRQHandler                        0x08000173   Thumb Code     0  startup_stm32f10x_hd.o(.text)
    TIM1_BRK_IRQHandler                      0x08000173   Thumb Code     0  startup_stm32f10x_hd.o(.text)
    TIM1_CC_IRQHandler                       0x08000173   Thumb Code     0  startup_stm32f10x_hd.o(.text)
    TIM1_TRG_COM_IRQHandler                  0x08000173   Thumb Code     0  startup_stm32f10x_hd.o(.text)
    TIM1_UP_IRQHandler                       0x08000173   Thumb Code     0  startup_stm32f10x_hd.o(.text)
    TIM2_IRQHandler                          0x08000173   Thumb Code     0  startup_stm32f10x_hd.o(.text)
    TIM4_IRQHandler                          0x08000173   Thumb Code     0  startup_stm32f10x_hd.o(.text)
    TIM5_IRQHandler                          0x08000173   Thumb Code     0  startup_stm32f10x_hd.o(.text)
    TIM6_IRQHandler                          0x08000173   Thumb Code     0  startup_stm32f10x_hd.o(.text)
    TIM7_IRQHandler                          0x08000173   Thumb Code     0  startup_stm32f10x_hd.o(.text)
    TIM8_BRK_IRQHandler                      0x08000173   Thumb Code     0  startup_stm32f10x_hd.o(.text)
    TIM8_CC_IRQHandler                       0x08000173   Thumb Code     0  startup_stm32f10x_hd.o(.text)
    TIM8_TRG_COM_IRQHandler                  0x08000173   Thumb Code     0  startup_stm32f10x_hd.o(.text)
    TIM8_UP_IRQHandler                       0x08000173   Thumb Code     0  startup_stm32f10x_hd.o(.text)
    UART4_IRQHandler                         0x08000173   Thumb Code     0  startup_stm32f10x_hd.o(.text)
    UART5_IRQHandler                         0x08000173   Thumb Code     0  startup_stm32f10x_hd.o(.text)
    USART2_IRQHandler                        0x08000173   Thumb Code     0  startup_stm32f10x_hd.o(.text)
    USART3_IRQHandler                        0x08000173   Thumb Code     0  startup_stm32f10x_hd.o(.text)
    USBWakeUp_IRQHandler                     0x08000173   Thumb Code     0  startup_stm32f10x_hd.o(.text)
    USB_HP_CAN1_TX_IRQHandler                0x08000173   Thumb Code     0  startup_stm32f10x_hd.o(.text)
    USB_LP_CAN1_RX0_IRQHandler               0x08000173   Thumb Code     0  startup_stm32f10x_hd.o(.text)
    WWDG_IRQHandler                          0x08000173   Thumb Code     0  startup_stm32f10x_hd.o(.text)
    NMI_Handler                              0x08000181   Thumb Code     2  stm32f10x_it.o(.text)
    HardFault_Handler                        0x08000183   Thumb Code     4  stm32f10x_it.o(.text)
    MemManage_Handler                        0x08000187   Thumb Code     4  stm32f10x_it.o(.text)
    BusFault_Handler                         0x0800018b   Thumb Code     4  stm32f10x_it.o(.text)
    UsageFault_Handler                       0x0800018f   Thumb Code     4  stm32f10x_it.o(.text)
    SVC_Handler                              0x08000193   Thumb Code     2  stm32f10x_it.o(.text)
    DebugMon_Handler                         0x08000195   Thumb Code     2  stm32f10x_it.o(.text)
    PendSV_Handler                           0x08000197   Thumb Code     2  stm32f10x_it.o(.text)
    SysTick_Handler                          0x08000199   Thumb Code     2  stm32f10x_it.o(.text)
    TIM3_Int_Init                            0x0800019d   Thumb Code    90  main.o(.text)
    TIM3_IRQHandler                          0x080001f7   Thumb Code    22  main.o(.text)
    main                                     0x08000a8f   Thumb Code   858  main.o(.text)
    delay_init                               0x08000df5   Thumb Code    56  delay.o(.text)
    delay_ms                                 0x08000e2d   Thumb Code    56  delay.o(.text)
    delay_us                                 0x08000e65   Thumb Code    56  delay.o(.text)
    _sys_exit                                0x08000ea5   Thumb Code     4  usart.o(.text)
    fputc                                    0x08000ea9   Thumb Code    24  usart.o(.text)
    uart_init                                0x08000ec1   Thumb Code   154  usart.o(.text)
    uart_send                                0x08000f5b   Thumb Code    66  usart.o(.text)
    USART1_IRQHandler                        0x08000f9d   Thumb Code    40  usart.o(.text)
    Relay_Gpio_Init                          0x08000fd5   Thumb Code   114  relay.o(.text)
    MY_NVIC_SetVectorTable                   0x08001055   Thumb Code    12  sys.o(.text)
    MY_NVIC_PriorityGroupConfig              0x08001061   Thumb Code    36  sys.o(.text)
    MY_NVIC_Init                             0x08001085   Thumb Code   116  sys.o(.text)
    Ex_NVIC_Config                           0x080010f9   Thumb Code   146  sys.o(.text)
    MYRCC_DeInit                             0x0800118b   Thumb Code    90  sys.o(.text)
    Sys_Standby                              0x080011e5   Thumb Code    68  sys.o(.text)
    Sys_Soft_Reset                           0x08001229   Thumb Code    12  sys.o(.text)
    JTAG_Set                                 0x08001235   Thumb Code    42  sys.o(.text)
    Stm32_Clock_Init                         0x0800125f   Thumb Code   134  sys.o(.text)
    MemReadByte                              0x08001311   Thumb Code    32  flash_eeprom.o(.text)
    MemWriteByte                             0x08001331   Thumb Code    82  flash_eeprom.o(.text)
    Modbus_Init                              0x08001389   Thumb Code    12  modbus.o(.text)
    Modbus_Handle                            0x08001619   Thumb Code    84  modbus.o(.text)
    HX711_Init                               0x08001685   Thumb Code    34  hx711.o(.text)
    HX711_Read                               0x080016af   Thumb Code   100  hx711.o(.text)
    Temp_Adc_Init                            0x0800171d   Thumb Code   132  tempture.o(.text)
    Get_Adc                                  0x080017a1   Thumb Code    46  tempture.o(.text)
    Get_Adc_Average                          0x080017cf   Thumb Code    38  tempture.o(.text)
    Temp_Messure                             0x080017f5   Thumb Code    74  tempture.o(.text)
    GPIO_DeInit                              0x0800184d   Thumb Code   188  stm32f10x_gpio.o(.text)
    GPIO_AFIODeInit                          0x08001909   Thumb Code    20  stm32f10x_gpio.o(.text)
    GPIO_Init                                0x0800191d   Thumb Code   278  stm32f10x_gpio.o(.text)
    GPIO_StructInit                          0x08001a33   Thumb Code    16  stm32f10x_gpio.o(.text)
    GPIO_ReadInputDataBit                    0x08001a43   Thumb Code    18  stm32f10x_gpio.o(.text)
    GPIO_ReadInputData                       0x08001a55   Thumb Code     8  stm32f10x_gpio.o(.text)
    GPIO_ReadOutputDataBit                   0x08001a5d   Thumb Code    18  stm32f10x_gpio.o(.text)
    GPIO_ReadOutputData                      0x08001a6f   Thumb Code     8  stm32f10x_gpio.o(.text)
    GPIO_SetBits                             0x08001a77   Thumb Code     4  stm32f10x_gpio.o(.text)
    GPIO_ResetBits                           0x08001a7b   Thumb Code     4  stm32f10x_gpio.o(.text)
    GPIO_WriteBit                            0x08001a7f   Thumb Code    10  stm32f10x_gpio.o(.text)
    GPIO_Write                               0x08001a89   Thumb Code     4  stm32f10x_gpio.o(.text)
    GPIO_PinLockConfig                       0x08001a8d   Thumb Code    18  stm32f10x_gpio.o(.text)
    GPIO_EventOutputConfig                   0x08001a9f   Thumb Code    26  stm32f10x_gpio.o(.text)
    GPIO_EventOutputCmd                      0x08001ab9   Thumb Code     6  stm32f10x_gpio.o(.text)
    GPIO_PinRemapConfig                      0x08001abf   Thumb Code   106  stm32f10x_gpio.o(.text)
    GPIO_EXTILineConfig                      0x08001b29   Thumb Code    66  stm32f10x_gpio.o(.text)
    NVIC_PriorityGroupConfig                 0x08001b7d   Thumb Code    10  misc.o(.text)
    NVIC_Init                                0x08001b87   Thumb Code   100  misc.o(.text)
    NVIC_SetVectorTable                      0x08001beb   Thumb Code    14  misc.o(.text)
    NVIC_SystemLPConfig                      0x08001bf9   Thumb Code    34  misc.o(.text)
    SysTick_CLKSourceConfig                  0x08001c1b   Thumb Code    40  misc.o(.text)
    RCC_DeInit                               0x08001c59   Thumb Code    62  stm32f10x_rcc.o(.text)
    RCC_HSEConfig                            0x08001c97   Thumb Code    70  stm32f10x_rcc.o(.text)
    RCC_GetFlagStatus                        0x08001cdd   Thumb Code    56  stm32f10x_rcc.o(.text)
    RCC_WaitForHSEStartUp                    0x08001d15   Thumb Code    54  stm32f10x_rcc.o(.text)
    RCC_AdjustHSICalibrationValue            0x08001d4b   Thumb Code    20  stm32f10x_rcc.o(.text)
    RCC_HSICmd                               0x08001d5f   Thumb Code     6  stm32f10x_rcc.o(.text)
    RCC_PLLConfig                            0x08001d65   Thumb Code    24  stm32f10x_rcc.o(.text)
    RCC_PLLCmd                               0x08001d7d   Thumb Code     6  stm32f10x_rcc.o(.text)
    RCC_SYSCLKConfig                         0x08001d83   Thumb Code    18  stm32f10x_rcc.o(.text)
    RCC_GetSYSCLKSource                      0x08001d95   Thumb Code    10  stm32f10x_rcc.o(.text)
    RCC_HCLKConfig                           0x08001d9f   Thumb Code    18  stm32f10x_rcc.o(.text)
    RCC_PCLK1Config                          0x08001db1   Thumb Code    18  stm32f10x_rcc.o(.text)
    RCC_PCLK2Config                          0x08001dc3   Thumb Code    20  stm32f10x_rcc.o(.text)
    RCC_ITConfig                             0x08001dd7   Thumb Code    26  stm32f10x_rcc.o(.text)
    RCC_USBCLKConfig                         0x08001df1   Thumb Code     8  stm32f10x_rcc.o(.text)
    RCC_ADCCLKConfig                         0x08001df9   Thumb Code    18  stm32f10x_rcc.o(.text)
    RCC_LSEConfig                            0x08001e0b   Thumb Code    50  stm32f10x_rcc.o(.text)
    RCC_LSICmd                               0x08001e3d   Thumb Code     6  stm32f10x_rcc.o(.text)
    RCC_RTCCLKConfig                         0x08001e43   Thumb Code    12  stm32f10x_rcc.o(.text)
    RCC_RTCCLKCmd                            0x08001e4f   Thumb Code     8  stm32f10x_rcc.o(.text)
    RCC_GetClocksFreq                        0x08001e57   Thumb Code   192  stm32f10x_rcc.o(.text)
    RCC_AHBPeriphClockCmd                    0x08001f17   Thumb Code    26  stm32f10x_rcc.o(.text)
    RCC_APB2PeriphClockCmd                   0x08001f31   Thumb Code    26  stm32f10x_rcc.o(.text)
    RCC_APB1PeriphClockCmd                   0x08001f4b   Thumb Code    26  stm32f10x_rcc.o(.text)
    RCC_APB2PeriphResetCmd                   0x08001f65   Thumb Code    26  stm32f10x_rcc.o(.text)
    RCC_APB1PeriphResetCmd                   0x08001f7f   Thumb Code    26  stm32f10x_rcc.o(.text)
    RCC_BackupResetCmd                       0x08001f99   Thumb Code     8  stm32f10x_rcc.o(.text)
    RCC_ClockSecuritySystemCmd               0x08001fa1   Thumb Code     6  stm32f10x_rcc.o(.text)
    RCC_MCOConfig                            0x08001fa7   Thumb Code     6  stm32f10x_rcc.o(.text)
    RCC_ClearFlag                            0x08001fad   Thumb Code    14  stm32f10x_rcc.o(.text)
    RCC_GetITStatus                          0x08001fbb   Thumb Code    20  stm32f10x_rcc.o(.text)
    RCC_ClearITPendingBit                    0x08001fcf   Thumb Code     6  stm32f10x_rcc.o(.text)
    ADC_DeInit                               0x08001ff9   Thumb Code    90  stm32f10x_adc.o(.text)
    ADC_Init                                 0x08002053   Thumb Code    70  stm32f10x_adc.o(.text)
    ADC_StructInit                           0x08002099   Thumb Code    18  stm32f10x_adc.o(.text)
    ADC_Cmd                                  0x080020ab   Thumb Code    22  stm32f10x_adc.o(.text)
    ADC_DMACmd                               0x080020c1   Thumb Code    22  stm32f10x_adc.o(.text)
    ADC_ITConfig                             0x080020d7   Thumb Code    24  stm32f10x_adc.o(.text)
    ADC_ResetCalibration                     0x080020ef   Thumb Code    10  stm32f10x_adc.o(.text)
    ADC_GetResetCalibrationStatus            0x080020f9   Thumb Code    20  stm32f10x_adc.o(.text)
    ADC_StartCalibration                     0x0800210d   Thumb Code    10  stm32f10x_adc.o(.text)
    ADC_GetCalibrationStatus                 0x08002117   Thumb Code    20  stm32f10x_adc.o(.text)
    ADC_SoftwareStartConvCmd                 0x0800212b   Thumb Code    22  stm32f10x_adc.o(.text)
    ADC_GetSoftwareStartConvStatus           0x08002141   Thumb Code    20  stm32f10x_adc.o(.text)
    ADC_DiscModeChannelCountConfig           0x08002155   Thumb Code    24  stm32f10x_adc.o(.text)
    ADC_DiscModeCmd                          0x0800216d   Thumb Code    22  stm32f10x_adc.o(.text)
    ADC_RegularChannelConfig                 0x08002183   Thumb Code   184  stm32f10x_adc.o(.text)
    ADC_ExternalTrigConvCmd                  0x0800223b   Thumb Code    22  stm32f10x_adc.o(.text)
    ADC_GetConversionValue                   0x08002251   Thumb Code     8  stm32f10x_adc.o(.text)
    ADC_GetDualModeConversionValue           0x08002259   Thumb Code     6  stm32f10x_adc.o(.text)
    ADC_AutoInjectedConvCmd                  0x0800225f   Thumb Code    22  stm32f10x_adc.o(.text)
    ADC_InjectedDiscModeCmd                  0x08002275   Thumb Code    22  stm32f10x_adc.o(.text)
    ADC_ExternalTrigInjectedConvConfig       0x0800228b   Thumb Code    16  stm32f10x_adc.o(.text)
    ADC_ExternalTrigInjectedConvCmd          0x0800229b   Thumb Code    22  stm32f10x_adc.o(.text)
    ADC_SoftwareStartInjectedConvCmd         0x080022b1   Thumb Code    22  stm32f10x_adc.o(.text)
    ADC_GetSoftwareStartInjectedConvCmdStatus 0x080022c7   Thumb Code    20  stm32f10x_adc.o(.text)
    ADC_InjectedChannelConfig                0x080022db   Thumb Code   130  stm32f10x_adc.o(.text)
    ADC_InjectedSequencerLengthConfig        0x0800235d   Thumb Code    24  stm32f10x_adc.o(.text)
    ADC_SetInjectedOffset                    0x08002375   Thumb Code     4  stm32f10x_adc.o(.text)
    ADC_GetInjectedConversionValue           0x08002379   Thumb Code    10  stm32f10x_adc.o(.text)
    ADC_AnalogWatchdogCmd                    0x08002383   Thumb Code    16  stm32f10x_adc.o(.text)
    ADC_AnalogWatchdogThresholdsConfig       0x08002393   Thumb Code     6  stm32f10x_adc.o(.text)
    ADC_AnalogWatchdogSingleChannelConfig    0x08002399   Thumb Code    16  stm32f10x_adc.o(.text)
    ADC_TempSensorVrefintCmd                 0x080023a9   Thumb Code    38  stm32f10x_adc.o(.text)
    ADC_GetFlagStatus                        0x080023cf   Thumb Code    38  stm32f10x_adc.o(.text)
    ADC_ClearFlag                            0x080023f5   Thumb Code     6  stm32f10x_adc.o(.text)
    ADC_GetITStatus                          0x080023fb   Thumb Code    36  stm32f10x_adc.o(.text)
    ADC_ClearITPendingBit                    0x0800241f   Thumb Code    10  stm32f10x_adc.o(.text)
    USART_DeInit                             0x08002429   Thumb Code   146  stm32f10x_usart.o(.text)
    USART_Init                               0x080024bb   Thumb Code   150  stm32f10x_usart.o(.text)
    USART_StructInit                         0x08002551   Thumb Code    24  stm32f10x_usart.o(.text)
    USART_ClockInit                          0x08002569   Thumb Code    34  stm32f10x_usart.o(.text)
    USART_ClockStructInit                    0x0800258b   Thumb Code    12  stm32f10x_usart.o(.text)
    USART_Cmd                                0x08002597   Thumb Code    24  stm32f10x_usart.o(.text)
    USART_ITConfig                           0x080025af   Thumb Code    64  stm32f10x_usart.o(.text)
    USART_DMACmd                             0x080025ef   Thumb Code    18  stm32f10x_usart.o(.text)
    USART_SetAddress                         0x08002601   Thumb Code    18  stm32f10x_usart.o(.text)
    USART_WakeUpConfig                       0x08002613   Thumb Code    18  stm32f10x_usart.o(.text)
    USART_ReceiverWakeUpCmd                  0x08002625   Thumb Code    24  stm32f10x_usart.o(.text)
    USART_LINBreakDetectLengthConfig         0x0800263d   Thumb Code    18  stm32f10x_usart.o(.text)
    USART_LINCmd                             0x0800264f   Thumb Code    24  stm32f10x_usart.o(.text)
    USART_SendData                           0x08002667   Thumb Code     8  stm32f10x_usart.o(.text)
    USART_ReceiveData                        0x0800266f   Thumb Code    10  stm32f10x_usart.o(.text)
    USART_SendBreak                          0x08002679   Thumb Code    10  stm32f10x_usart.o(.text)
    USART_SetGuardTime                       0x08002683   Thumb Code    16  stm32f10x_usart.o(.text)
    USART_SetPrescaler                       0x08002693   Thumb Code    16  stm32f10x_usart.o(.text)
    USART_SmartCardCmd                       0x080026a3   Thumb Code    24  stm32f10x_usart.o(.text)
    USART_SmartCardNACKCmd                   0x080026bb   Thumb Code    24  stm32f10x_usart.o(.text)
    USART_HalfDuplexCmd                      0x080026d3   Thumb Code    24  stm32f10x_usart.o(.text)
    USART_IrDAConfig                         0x080026eb   Thumb Code    18  stm32f10x_usart.o(.text)
    USART_IrDACmd                            0x080026fd   Thumb Code    24  stm32f10x_usart.o(.text)
    USART_GetFlagStatus                      0x08002715   Thumb Code    18  stm32f10x_usart.o(.text)
    USART_ClearFlag                          0x08002727   Thumb Code     6  stm32f10x_usart.o(.text)
    USART_GetITStatus                        0x0800272d   Thumb Code    76  stm32f10x_usart.o(.text)
    USART_ClearITPendingBit                  0x08002779   Thumb Code    20  stm32f10x_usart.o(.text)
    TIM_DeInit                               0x08002799   Thumb Code   214  stm32f10x_tim.o(.text)
    TIM_TimeBaseInit                         0x0800286f   Thumb Code    50  stm32f10x_tim.o(.text)
    TIM_OC1Init                              0x080028a1   Thumb Code   110  stm32f10x_tim.o(.text)
    TIM_OC2Init                              0x0800290f   Thumb Code   148  stm32f10x_tim.o(.text)
    TIM_OC3Init                              0x080029a3   Thumb Code   144  stm32f10x_tim.o(.text)
    TIM_OC4Init                              0x08002a33   Thumb Code   106  stm32f10x_tim.o(.text)
    TIM_SetIC4Prescaler                      0x08002a9d   Thumb Code    26  stm32f10x_tim.o(.text)
    TIM_SetIC3Prescaler                      0x08002b09   Thumb Code    18  stm32f10x_tim.o(.text)
    TIM_SetIC2Prescaler                      0x08002b63   Thumb Code    42  stm32f10x_tim.o(.text)
    TIM_SetIC1Prescaler                      0x08002bdd   Thumb Code    18  stm32f10x_tim.o(.text)
    TIM_ICInit                               0x08002c27   Thumb Code   110  stm32f10x_tim.o(.text)
    TIM_PWMIConfig                           0x08002c95   Thumb Code   124  stm32f10x_tim.o(.text)
    TIM_BDTRConfig                           0x08002d11   Thumb Code    32  stm32f10x_tim.o(.text)
    TIM_TimeBaseStructInit                   0x08002d31   Thumb Code    18  stm32f10x_tim.o(.text)
    TIM_OCStructInit                         0x08002d43   Thumb Code    20  stm32f10x_tim.o(.text)
    TIM_ICStructInit                         0x08002d57   Thumb Code    18  stm32f10x_tim.o(.text)
    TIM_BDTRStructInit                       0x08002d69   Thumb Code    18  stm32f10x_tim.o(.text)
    TIM_Cmd                                  0x08002d7b   Thumb Code    24  stm32f10x_tim.o(.text)
    TIM_CtrlPWMOutputs                       0x08002d93   Thumb Code    30  stm32f10x_tim.o(.text)
    TIM_ITConfig                             0x08002db1   Thumb Code    18  stm32f10x_tim.o(.text)
    TIM_GenerateEvent                        0x08002dc3   Thumb Code     4  stm32f10x_tim.o(.text)
    TIM_DMAConfig                            0x08002dc7   Thumb Code    10  stm32f10x_tim.o(.text)
    TIM_DMACmd                               0x08002dd1   Thumb Code    18  stm32f10x_tim.o(.text)
    TIM_InternalClockConfig                  0x08002de3   Thumb Code    12  stm32f10x_tim.o(.text)
    TIM_SelectInputTrigger                   0x08002def   Thumb Code    18  stm32f10x_tim.o(.text)
    TIM_ITRxExternalClockConfig              0x08002e01   Thumb Code    24  stm32f10x_tim.o(.text)
    TIM_TIxExternalClockConfig               0x08002e19   Thumb Code    62  stm32f10x_tim.o(.text)
    TIM_ETRConfig                            0x08002e57   Thumb Code    30  stm32f10x_tim.o(.text)
    TIM_ETRClockMode1Config                  0x08002e75   Thumb Code    54  stm32f10x_tim.o(.text)
    TIM_ETRClockMode2Config                  0x08002eab   Thumb Code    32  stm32f10x_tim.o(.text)
    TIM_PrescalerConfig                      0x08002ecb   Thumb Code     6  stm32f10x_tim.o(.text)
    TIM_CounterModeConfig                    0x08002ed1   Thumb Code    18  stm32f10x_tim.o(.text)
    TIM_EncoderInterfaceConfig               0x08002ee3   Thumb Code    66  stm32f10x_tim.o(.text)
    TIM_ForcedOC1Config                      0x08002f25   Thumb Code    18  stm32f10x_tim.o(.text)
    TIM_ForcedOC2Config                      0x08002f37   Thumb Code    26  stm32f10x_tim.o(.text)
    TIM_ForcedOC3Config                      0x08002f51   Thumb Code    18  stm32f10x_tim.o(.text)
    TIM_ForcedOC4Config                      0x08002f63   Thumb Code    26  stm32f10x_tim.o(.text)
    TIM_ARRPreloadConfig                     0x08002f7d   Thumb Code    24  stm32f10x_tim.o(.text)
    TIM_SelectCOM                            0x08002f95   Thumb Code    24  stm32f10x_tim.o(.text)
    TIM_SelectCCDMA                          0x08002fad   Thumb Code    24  stm32f10x_tim.o(.text)
    TIM_CCPreloadControl                     0x08002fc5   Thumb Code    24  stm32f10x_tim.o(.text)
    TIM_OC1PreloadConfig                     0x08002fdd   Thumb Code    18  stm32f10x_tim.o(.text)
    TIM_OC2PreloadConfig                     0x08002fef   Thumb Code    26  stm32f10x_tim.o(.text)
    TIM_OC3PreloadConfig                     0x08003009   Thumb Code    18  stm32f10x_tim.o(.text)
    TIM_OC4PreloadConfig                     0x0800301b   Thumb Code    26  stm32f10x_tim.o(.text)
    TIM_OC1FastConfig                        0x08003035   Thumb Code    18  stm32f10x_tim.o(.text)
    TIM_OC2FastConfig                        0x08003047   Thumb Code    26  stm32f10x_tim.o(.text)
    TIM_OC3FastConfig                        0x08003061   Thumb Code    18  stm32f10x_tim.o(.text)
    TIM_OC4FastConfig                        0x08003073   Thumb Code    26  stm32f10x_tim.o(.text)
    TIM_ClearOC1Ref                          0x0800308d   Thumb Code    18  stm32f10x_tim.o(.text)
    TIM_ClearOC2Ref                          0x0800309f   Thumb Code    24  stm32f10x_tim.o(.text)
    TIM_ClearOC3Ref                          0x080030b7   Thumb Code    18  stm32f10x_tim.o(.text)
    TIM_ClearOC4Ref                          0x080030c9   Thumb Code    24  stm32f10x_tim.o(.text)
    TIM_OC1PolarityConfig                    0x080030e1   Thumb Code    18  stm32f10x_tim.o(.text)
    TIM_OC1NPolarityConfig                   0x080030f3   Thumb Code    18  stm32f10x_tim.o(.text)
    TIM_OC2PolarityConfig                    0x08003105   Thumb Code    26  stm32f10x_tim.o(.text)
    TIM_OC2NPolarityConfig                   0x0800311f   Thumb Code    26  stm32f10x_tim.o(.text)
    TIM_OC3PolarityConfig                    0x08003139   Thumb Code    26  stm32f10x_tim.o(.text)
    TIM_OC3NPolarityConfig                   0x08003153   Thumb Code    26  stm32f10x_tim.o(.text)
    TIM_OC4PolarityConfig                    0x0800316d   Thumb Code    26  stm32f10x_tim.o(.text)
    TIM_CCxCmd                               0x08003187   Thumb Code    26  stm32f10x_tim.o(.text)
    TIM_CCxNCmd                              0x080031a1   Thumb Code    26  stm32f10x_tim.o(.text)
    TIM_SelectOCxM                           0x080031bb   Thumb Code   134  stm32f10x_tim.o(.text)
    TIM_UpdateDisableConfig                  0x08003241   Thumb Code    24  stm32f10x_tim.o(.text)
    TIM_UpdateRequestConfig                  0x08003259   Thumb Code    24  stm32f10x_tim.o(.text)
    TIM_SelectHallSensor                     0x08003271   Thumb Code    24  stm32f10x_tim.o(.text)
    TIM_SelectOnePulseMode                   0x08003289   Thumb Code    18  stm32f10x_tim.o(.text)
    TIM_SelectOutputTrigger                  0x0800329b   Thumb Code    18  stm32f10x_tim.o(.text)
    TIM_SelectSlaveMode                      0x080032ad   Thumb Code    18  stm32f10x_tim.o(.text)
    TIM_SelectMasterSlaveMode                0x080032bf   Thumb Code    18  stm32f10x_tim.o(.text)
    TIM_SetCounter                           0x080032d1   Thumb Code     4  stm32f10x_tim.o(.text)
    TIM_SetAutoreload                        0x080032d5   Thumb Code     4  stm32f10x_tim.o(.text)
    TIM_SetCompare1                          0x080032d9   Thumb Code     4  stm32f10x_tim.o(.text)
    TIM_SetCompare2                          0x080032dd   Thumb Code     4  stm32f10x_tim.o(.text)
    TIM_SetCompare3                          0x080032e1   Thumb Code     4  stm32f10x_tim.o(.text)
    TIM_SetCompare4                          0x080032e5   Thumb Code     6  stm32f10x_tim.o(.text)
    TIM_SetClockDivision                     0x080032eb   Thumb Code    14  stm32f10x_tim.o(.text)
    TIM_GetCapture1                          0x080032f9   Thumb Code     6  stm32f10x_tim.o(.text)
    TIM_GetCapture2                          0x080032ff   Thumb Code     6  stm32f10x_tim.o(.text)
    TIM_GetCapture3                          0x08003305   Thumb Code     6  stm32f10x_tim.o(.text)
    TIM_GetCapture4                          0x0800330b   Thumb Code     8  stm32f10x_tim.o(.text)
    TIM_GetCounter                           0x08003313   Thumb Code     6  stm32f10x_tim.o(.text)
    TIM_GetPrescaler                         0x08003319   Thumb Code     6  stm32f10x_tim.o(.text)
    TIM_GetFlagStatus                        0x0800331f   Thumb Code    18  stm32f10x_tim.o(.text)
    TIM_ClearFlag                            0x08003331   Thumb Code     6  stm32f10x_tim.o(.text)
    TIM_GetITStatus                          0x08003337   Thumb Code    34  stm32f10x_tim.o(.text)
    TIM_ClearITPendingBit                    0x08003359   Thumb Code     6  stm32f10x_tim.o(.text)
    FLASH_SetLatency                         0x08003361   Thumb Code    18  stm32f10x_flash.o(.text)
    FLASH_HalfCycleAccessCmd                 0x08003373   Thumb Code    22  stm32f10x_flash.o(.text)
    FLASH_PrefetchBufferCmd                  0x08003389   Thumb Code    22  stm32f10x_flash.o(.text)
    FLASH_Unlock                             0x0800339f   Thumb Code    12  stm32f10x_flash.o(.text)
    FLASH_Lock                               0x080033ab   Thumb Code    14  stm32f10x_flash.o(.text)
    FLASH_GetStatus                          0x080033b9   Thumb Code    48  stm32f10x_flash.o(.text)
    FLASH_WaitForLastOperation               0x08003403   Thumb Code    42  stm32f10x_flash.o(.text)
    FLASH_ErasePage                          0x0800342d   Thumb Code    76  stm32f10x_flash.o(.text)
    FLASH_EraseAllPages                      0x08003479   Thumb Code    72  stm32f10x_flash.o(.text)
    FLASH_EraseOptionBytes                   0x080034c1   Thumb Code   142  stm32f10x_flash.o(.text)
    FLASH_ProgramWord                        0x0800354f   Thumb Code   100  stm32f10x_flash.o(.text)
    FLASH_ProgramHalfWord                    0x080035b3   Thumb Code    64  stm32f10x_flash.o(.text)
    FLASH_ProgramOptionByteData              0x080035f3   Thumb Code    72  stm32f10x_flash.o(.text)
    FLASH_EnableWriteProtection              0x0800363b   Thumb Code   182  stm32f10x_flash.o(.text)
    FLASH_ReadOutProtection                  0x080036f1   Thumb Code   174  stm32f10x_flash.o(.text)
    FLASH_UserOptionByteConfig               0x0800379f   Thumb Code    94  stm32f10x_flash.o(.text)
    FLASH_GetUserOptionByte                  0x080037fd   Thumb Code     8  stm32f10x_flash.o(.text)
    FLASH_GetWriteProtectionOptionByte       0x08003805   Thumb Code     6  stm32f10x_flash.o(.text)
    FLASH_GetReadOutProtectionStatus         0x0800380b   Thumb Code    20  stm32f10x_flash.o(.text)
    FLASH_GetPrefetchBufferStatus            0x0800381f   Thumb Code    20  stm32f10x_flash.o(.text)
    FLASH_ITConfig                           0x08003833   Thumb Code    26  stm32f10x_flash.o(.text)
    FLASH_GetFlagStatus                      0x0800384d   Thumb Code    42  stm32f10x_flash.o(.text)
    FLASH_ClearFlag                          0x08003877   Thumb Code     6  stm32f10x_flash.o(.text)
    __aeabi_fdiv                             0x0800388d   Thumb Code   124  fdiv.o(.text)
    __aeabi_i2f                              0x08003909   Thumb Code    18  fflti.o(.text)
    __aeabi_ui2f                             0x0800391b   Thumb Code    10  ffltui.o(.text)
    __aeabi_f2uiz                            0x08003925   Thumb Code    40  ffixui.o(.text)
    __I$use$fp                               0x0800394d   Thumb Code     0  iusefp.o(.text)
    _float_round                             0x0800394d   Thumb Code    18  fepilogue.o(.text)
    _float_epilogue                          0x0800395f   Thumb Code    92  fepilogue.o(.text)
    __scatterload                            0x080039bd   Thumb Code    28  init.o(.text)
    __scatterload_rt2                        0x080039bd   Thumb Code     0  init.o(.text)
    __scatterload_copy                       0x080039e1   Thumb Code    14  handlers.o(i.__scatterload_copy)
    __scatterload_null                       0x080039ef   Thumb Code     2  handlers.o(i.__scatterload_null)
    __scatterload_zeroinit                   0x080039f1   Thumb Code    14  handlers.o(i.__scatterload_zeroinit)
    auchCRCHi                                0x080039fe   Data         256  modbus.o(.constdata)
    auchCRCLo                                0x08003afe   Data         256  modbus.o(.constdata)
    temp_adv                                 0x08003bfe   Data         100  tempture.o(.constdata)
    Region$$Table$$Base                      0x08003c64   Number         0  anon$$obj.o(Region$$Table)
    Region$$Table$$Limit                     0x08003c84   Number         0  anon$$obj.o(Region$$Table)
    __stdout                                 0x20000004   Data           4  usart.o(.data)
    USART_RX_STA                             0x20000008   Data           2  usart.o(.data)
    USART_RX_BUF                             0x2000005a   Data         100  usart.o(.bss)
    USART_TX_BUF                             0x200000be   Data         100  usart.o(.bss)
    HoldDataReg                              0x20000122   Data          70  modbus.o(.bss)
    __initial_sp                             0x20000368   Data           0  startup_stm32f10x_hd.o(STACK)



==============================================================================

Memory Map of the image

  Image Entry point : 0x08000131

  Load Region LR_IROM1 (Base: 0x08000000, Size: 0x00003ca4, Max: 0x00080000, ABSOLUTE)

    Execution Region ER_IROM1 (Base: 0x08000000, Size: 0x00003c84, Max: 0x00080000, ABSOLUTE)

    Base Addr    Size         Type   Attr      Idx    E Section Name        Object

    0x08000000   0x00000130   Data   RO            3    RESET               startup_stm32f10x_hd.o
    0x08000130   0x00000000   Code   RO          451  * .ARM.Collect$$$$00000000  mc_w.l(entry.o)
    0x08000130   0x00000004   Code   RO          462    .ARM.Collect$$$$00000001  mc_w.l(entry2.o)
    0x08000134   0x00000004   Code   RO          465    .ARM.Collect$$$$00000004  mc_w.l(entry5.o)
    0x08000138   0x00000000   Code   RO          467    .ARM.Collect$$$$00000008  mc_w.l(entry7b.o)
    0x08000138   0x00000000   Code   RO          469    .ARM.Collect$$$$0000000A  mc_w.l(entry8b.o)
    0x08000138   0x00000008   Code   RO          470    .ARM.Collect$$$$0000000B  mc_w.l(entry9a.o)
    0x08000140   0x00000000   Code   RO          472    .ARM.Collect$$$$0000000D  mc_w.l(entry10a.o)
    0x08000140   0x00000000   Code   RO          474    .ARM.Collect$$$$0000000F  mc_w.l(entry11a.o)
    0x08000140   0x00000004   Code   RO          463    .ARM.Collect$$$$00002712  mc_w.l(entry2.o)
    0x08000144   0x0000000c   Code   RO          223    .emb_text           sys.o
    0x08000150   0x00000030   Code   RO            4    .text               startup_stm32f10x_hd.o
    0x08000180   0x0000001a   Code   RO           10    .text               stm32f10x_it.o
    0x0800019a   0x00000002   PAD
    0x0800019c   0x00000c58   Code   RO           72    .text               main.o
    0x08000df4   0x000000b0   Code   RO          125    .text               delay.o
    0x08000ea4   0x00000130   Code   RO          139    .text               usart.o
    0x08000fd4   0x00000080   Code   RO          165    .text               relay.o
    0x08001054   0x000002bc   Code   RO          224    .text               sys.o
    0x08001310   0x00000078   Code   RO          239    .text               flash_eeprom.o
    0x08001388   0x000002fc   Code   RO          251    .text               modbus.o
    0x08001684   0x00000098   Code   RO          271    .text               hx711.o
    0x0800171c   0x00000130   Code   RO          286    .text               tempture.o
    0x0800184c   0x00000330   Code   RO          301    .text               stm32f10x_gpio.o
    0x08001b7c   0x000000dc   Code   RO          313    .text               misc.o
    0x08001c58   0x000003a0   Code   RO          325    .text               stm32f10x_rcc.o
    0x08001ff8   0x00000430   Code   RO          339    .text               stm32f10x_adc.o
    0x08002428   0x00000370   Code   RO          351    .text               stm32f10x_usart.o
    0x08002798   0x00000bc6   Code   RO          363    .text               stm32f10x_tim.o
    0x0800335e   0x00000002   PAD
    0x08003360   0x0000052c   Code   RO          411    .text               stm32f10x_flash.o
    0x0800388c   0x0000007c   Code   RO          454    .text               mf_w.l(fdiv.o)
    0x08003908   0x00000012   Code   RO          456    .text               mf_w.l(fflti.o)
    0x0800391a   0x0000000a   Code   RO          458    .text               mf_w.l(ffltui.o)
    0x08003924   0x00000028   Code   RO          460    .text               mf_w.l(ffixui.o)
    0x0800394c   0x00000000   Code   RO          476    .text               mc_w.l(iusefp.o)
    0x0800394c   0x0000006e   Code   RO          477    .text               mf_w.l(fepilogue.o)
    0x080039ba   0x00000002   PAD
    0x080039bc   0x00000024   Code   RO          479    .text               mc_w.l(init.o)
    0x080039e0   0x0000000e   Code   RO          483    i.__scatterload_copy  mc_w.l(handlers.o)
    0x080039ee   0x00000002   Code   RO          484    i.__scatterload_null  mc_w.l(handlers.o)
    0x080039f0   0x0000000e   Code   RO          485    i.__scatterload_zeroinit  mc_w.l(handlers.o)
    0x080039fe   0x00000200   Data   RO          253    .constdata          modbus.o
    0x08003bfe   0x00000064   Data   RO          287    .constdata          tempture.o
    0x08003c62   0x00000002   PAD
    0x08003c64   0x00000020   Data   RO          481    Region$$Table       anon$$obj.o


    Execution Region RW_IRAM1 (Base: 0x20000000, Size: 0x00000368, Max: 0x00010000, ABSOLUTE)

    Base Addr    Size         Type   Attr      Idx    E Section Name        Object

    0x20000000   0x00000004   Data   RW          126    .data               delay.o
    0x20000004   0x00000006   Data   RW          141    .data               usart.o
    0x2000000a   0x00000014   Data   RW          326    .data               stm32f10x_rcc.o
    0x2000001e   0x00000002   PAD
    0x20000020   0x0000003a   Zero   RW           73    .bss                main.o
    0x2000005a   0x000000c8   Zero   RW          140    .bss                usart.o
    0x20000122   0x00000046   Zero   RW          252    .bss                modbus.o
    0x20000168   0x00000200   Zero   RW            1    STACK               startup_stm32f10x_hd.o


==============================================================================

Image component sizes


      Code (inc. data)   RO Data    RW Data    ZI Data      Debug   Object Name

         0          0          0          0          0     208852   24cxx.o
       176          8          0          4          0       1019   delay.o
       120          6          0          0          0       1291   flash_eeprom.o
       152         10          0          0          0        840   hx711.o
      3160         80          0          0         58       5095   main.o
       220         22          0          0          0       1753   misc.o
       764         24        512          0         70       3534   modbus.o
       128         14          0          0          0        538   relay.o
        48         12        304          0        512        876   startup_stm32f10x_hd.o
      1072         20          0          0          0      10893   stm32f10x_adc.o
      1324         34          0          0          0       7266   stm32f10x_flash.o
       816         18          0          0          0       5207   stm32f10x_gpio.o
        26          0          0          0          0     265702   stm32f10x_it.o
       928         36          0         20          0       8860   stm32f10x_rcc.o
      3014         16          0          0          0      24528   stm32f10x_tim.o
       880         12          0          0          0       7835   stm32f10x_usart.o
       712         44          0          0          0       2803   sys.o
       304         14        100          0          0       1880   tempture.o
       304         16          0          6        200       3293   usart.o

    ----------------------------------------------------------------------
     14152        386        950         32        840     562065   Object Totals
         0          0         32          0          0          0   (incl. Generated)
         4          0          2          2          0          0   (incl. Padding)

    ----------------------------------------------------------------------

      Code (inc. data)   RO Data    RW Data    ZI Data      Debug   Library Member Name

         0          0          0          0          0          0   entry.o
         0          0          0          0          0          0   entry10a.o
         0          0          0          0          0          0   entry11a.o
         8          4          0          0          0          0   entry2.o
         4          0          0          0          0          0   entry5.o
         0          0          0          0          0          0   entry7b.o
         0          0          0          0          0          0   entry8b.o
         8          4          0          0          0          0   entry9a.o
        30          0          0          0          0          0   handlers.o
        36          8          0          0          0         68   init.o
         0          0          0          0          0          0   iusefp.o
       124          0          0          0          0         88   fdiv.o
       110          0          0          0          0        168   fepilogue.o
        40          0          0          0          0         68   ffixui.o
        18          0          0          0          0         68   fflti.o
        10          0          0          0          0         68   ffltui.o

    ----------------------------------------------------------------------
       390         16          0          0          0        528   Library Totals
         2          0          0          0          0          0   (incl. Padding)

    ----------------------------------------------------------------------

      Code (inc. data)   RO Data    RW Data    ZI Data      Debug   Library Name

        86         16          0          0          0         68   mc_w.l
       302          0          0          0          0        460   mf_w.l

    ----------------------------------------------------------------------
       390         16          0          0          0        528   Library Totals

    ----------------------------------------------------------------------

==============================================================================


      Code (inc. data)   RO Data    RW Data    ZI Data      Debug   

     14542        402        950         32        840     560873   Grand Totals
     14542        402        950         32        840     560873   ELF Image Totals
     14542        402        950         32          0          0   ROM Totals

==============================================================================

    Total RO  Size (Code + RO Data)                15492 (  15.13kB)
    Total RW  Size (RW Data + ZI Data)               872 (   0.85kB)
    Total ROM Size (Code + RO Data + RW Data)      15524 (  15.16kB)

==============================================================================

